Archive member included to satisfy reference by file (symbol)

/usr/lib/gcc/arm-none-eabi/12.2.1/thumb/v6-m/nofp/libgcc.a(_dvmd_tls.o)
                              CMakeFiles/test.dir/home/kippur/pico/pico-sdk/src/rp2_common/pico_divider/divider.S.obj (__aeabi_idiv0)
/usr/lib/gcc/arm-none-eabi/12.2.1/../../../arm-none-eabi/lib/thumb/v6-m/nofp/libc.a(lib_a-atexit.o)
                              /usr/lib/gcc/arm-none-eabi/12.2.1/../../../arm-none-eabi/lib/thumb/v6-m/nofp/crt0.o (atexit)
/usr/lib/gcc/arm-none-eabi/12.2.1/../../../arm-none-eabi/lib/thumb/v6-m/nofp/libc.a(lib_a-atoi.o)
                              CMakeFiles/test.dir/test.c.obj (atoi)
/usr/lib/gcc/arm-none-eabi/12.2.1/../../../arm-none-eabi/lib/thumb/v6-m/nofp/libc.a(lib_a-calloc.o)
                              CMakeFiles/test.dir/home/kippur/pico/pico-sdk/src/rp2_common/pico_malloc/pico_malloc.c.obj (calloc)
/usr/lib/gcc/arm-none-eabi/12.2.1/../../../arm-none-eabi/lib/thumb/v6-m/nofp/libc.a(lib_a-callocr.o)
                              /usr/lib/gcc/arm-none-eabi/12.2.1/../../../arm-none-eabi/lib/thumb/v6-m/nofp/libc.a(lib_a-calloc.o) (_calloc_r)
/usr/lib/gcc/arm-none-eabi/12.2.1/../../../arm-none-eabi/lib/thumb/v6-m/nofp/libc.a(lib_a-fini.o)
                              /usr/lib/gcc/arm-none-eabi/12.2.1/../../../arm-none-eabi/lib/thumb/v6-m/nofp/crt0.o (__libc_fini_array)
/usr/lib/gcc/arm-none-eabi/12.2.1/../../../arm-none-eabi/lib/thumb/v6-m/nofp/libc.a(lib_a-impure.o)
                              /usr/lib/gcc/arm-none-eabi/12.2.1/../../../arm-none-eabi/lib/thumb/v6-m/nofp/libc.a(lib_a-calloc.o) (_impure_ptr)
/usr/lib/gcc/arm-none-eabi/12.2.1/../../../arm-none-eabi/lib/thumb/v6-m/nofp/libc.a(lib_a-init.o)
                              /usr/lib/gcc/arm-none-eabi/12.2.1/../../../arm-none-eabi/lib/thumb/v6-m/nofp/crt0.o (__libc_init_array)
/usr/lib/gcc/arm-none-eabi/12.2.1/../../../arm-none-eabi/lib/thumb/v6-m/nofp/libc.a(lib_a-malloc.o)
                              CMakeFiles/test.dir/home/kippur/pico/pico-sdk/src/rp2_common/pico_malloc/pico_malloc.c.obj (malloc)
/usr/lib/gcc/arm-none-eabi/12.2.1/../../../arm-none-eabi/lib/thumb/v6-m/nofp/libc.a(lib_a-mallocr.o)
                              /usr/lib/gcc/arm-none-eabi/12.2.1/../../../arm-none-eabi/lib/thumb/v6-m/nofp/libc.a(lib_a-callocr.o) (_malloc_r)
/usr/lib/gcc/arm-none-eabi/12.2.1/../../../arm-none-eabi/lib/thumb/v6-m/nofp/libc.a(lib_a-memcmp.o)
                              CMakeFiles/test.dir/home/kippur/pico/pico-sdk/lib/cyw43-driver/src/cyw43_ll.c.obj (memcmp)
/usr/lib/gcc/arm-none-eabi/12.2.1/../../../arm-none-eabi/lib/thumb/v6-m/nofp/libc.a(lib_a-memmove.o)
                              CMakeFiles/test.dir/home/kippur/pico/pico-sdk/lib/cyw43-driver/src/cyw43_ll.c.obj (memmove)
/usr/lib/gcc/arm-none-eabi/12.2.1/../../../arm-none-eabi/lib/thumb/v6-m/nofp/libc.a(lib_a-mlock.o)
                              /usr/lib/gcc/arm-none-eabi/12.2.1/../../../arm-none-eabi/lib/thumb/v6-m/nofp/libc.a(lib_a-mallocr.o) (__malloc_lock)
/usr/lib/gcc/arm-none-eabi/12.2.1/../../../arm-none-eabi/lib/thumb/v6-m/nofp/libc.a(lib_a-realloc.o)
                              CMakeFiles/test.dir/home/kippur/pico/pico-sdk/src/rp2_common/pico_malloc/pico_malloc.c.obj (realloc)
/usr/lib/gcc/arm-none-eabi/12.2.1/../../../arm-none-eabi/lib/thumb/v6-m/nofp/libc.a(lib_a-reallocr.o)
                              /usr/lib/gcc/arm-none-eabi/12.2.1/../../../arm-none-eabi/lib/thumb/v6-m/nofp/libc.a(lib_a-realloc.o) (_realloc_r)
/usr/lib/gcc/arm-none-eabi/12.2.1/../../../arm-none-eabi/lib/thumb/v6-m/nofp/libc.a(lib_a-sbrkr.o)
                              /usr/lib/gcc/arm-none-eabi/12.2.1/../../../arm-none-eabi/lib/thumb/v6-m/nofp/libc.a(lib_a-mallocr.o) (_sbrk_r)
/usr/lib/gcc/arm-none-eabi/12.2.1/../../../arm-none-eabi/lib/thumb/v6-m/nofp/libc.a(lib_a-scanf.o)
                              CMakeFiles/test.dir/test.c.obj (scanf)
/usr/lib/gcc/arm-none-eabi/12.2.1/../../../arm-none-eabi/lib/thumb/v6-m/nofp/libc.a(lib_a-strlen-stub.o)
                              CMakeFiles/test.dir/home/kippur/pico/pico-sdk/src/rp2_common/pico_stdio/stdio.c.obj (strlen)
/usr/lib/gcc/arm-none-eabi/12.2.1/../../../arm-none-eabi/lib/thumb/v6-m/nofp/libc.a(lib_a-strncmp.o)
                              CMakeFiles/test.dir/home/kippur/pico/pico-sdk/lib/cyw43-driver/src/cyw43_ll.c.obj (strncmp)
/usr/lib/gcc/arm-none-eabi/12.2.1/../../../arm-none-eabi/lib/thumb/v6-m/nofp/libc.a(lib_a-strtol.o)
                              /usr/lib/gcc/arm-none-eabi/12.2.1/../../../arm-none-eabi/lib/thumb/v6-m/nofp/libc.a(lib_a-atoi.o) (_strtol_r)
/usr/lib/gcc/arm-none-eabi/12.2.1/../../../arm-none-eabi/lib/thumb/v6-m/nofp/libc.a(lib_a-vfscanf.o)
                              /usr/lib/gcc/arm-none-eabi/12.2.1/../../../arm-none-eabi/lib/thumb/v6-m/nofp/libc.a(lib_a-scanf.o) (_vfscanf_r)
/usr/lib/gcc/arm-none-eabi/12.2.1/../../../arm-none-eabi/lib/thumb/v6-m/nofp/libc.a(lib_a-__atexit.o)
[...]
Memory Configuration

Name             Origin             Length             Attributes
FLASH            0x10000000         0x00200000         xr
RAM              0x20000000         0x00040000         xrw
SCRATCH_X        0x20040000         0x00001000         xrw
SCRATCH_Y        0x20041000         0x00001000         xrw
*default*        0x00000000         0xffffffff

Linker script and memory map

LOAD /usr/lib/gcc/arm-none-eabi/12.2.1/thumb/v6-m/nofp/crti.o
LOAD /usr/lib/gcc/arm-none-eabi/12.2.1/thumb/v6-m/nofp/crtbegin.o
LOAD /usr/lib/gcc/arm-none-eabi/12.2.1/../../../arm-none-eabi/lib/thumb/v6-m/nofp/crt0.o

.flash_begin    0x10000000        0x0
                0x10000000                        __flash_binary_start = .

.boot2          0x10000000      0x100
                0x10000000                        __boot2_start__ = .
 *(.boot2)
 .boot2         0x10000000      0x100 /tmp/ccZeqtBP.o
                0x10000100                        __boot2_end__ = .
                0x00000001                        ASSERT (((__boot2_end__ - __boot2_start__) == 0x100), ERROR: Pico second stage bootloader must be 256 bytes in size)

.text           0x10000100     0xc700
                0x10000100                        __logical_binary_start = .
 *(.vectors)
 .vectors       0x10000100       0xd4 CMakeFiles/test.dir/home/kippur/pico/pico-sdk/src/rp2_common/pico_standard_link/crt0.S.obj
                0x10000100                __vectors
                0x10000100                __VECTOR_TABLE
                0x100001c0                isr_invalid
                0x100001c0                __default_isrs_start
                0x100001c2                isr_nmi
                0x100001c4                isr_hardfault
                0x100001c6                isr_svcall
                0x100001c8                isr_pendsv
                0x100001ca                isr_systick
                0x100001cc                isr_irq30
                0x100001cc                __unhandled_user_irq
                0x100001cc                isr_irq13
                0x100001cc                isr_irq27
                0x100001cc                isr_irq31
                0x100001cc                isr_irq5
                0x100001cc                isr_irq11
                0x100001cc                isr_irq23
                0x100001cc                isr_irq18
                0x100001cc                isr_irq28
                0x100001cc                isr_irq19
                0x100001cc                isr_irq0
                0x100001cc                isr_irq6
                0x100001cc                isr_irq22
                0x100001cc                isr_irq17
                0x100001cc                isr_irq14
                0x100001cc                isr_irq2
                0x100001cc                isr_irq10
                0x100001cc                isr_irq8
                0x100001cc                isr_irq24
                0x100001cc                isr_irq1
                0x100001cc                isr_irq7
                0x100001cc                isr_irq21
                0x100001cc                isr_irq20
                0x100001cc                isr_irq15
                0x100001cc                isr_irq25
                0x100001cc                isr_irq4
                0x100001cc                isr_irq16
                0x100001cc                isr_irq29
                0x100001cc                isr_irq26
                0x100001cc                __default_isrs_end
                0x100001cc                isr_irq3
                0x100001cc                isr_irq12
                0x100001cc                isr_irq9
                0x100001d2                unhandled_user_irq_num_in_r0
 *(.binary_info_header)
 .binary_info_header
                0x100001d4       0x14 CMakeFiles/test.dir/home/kippur/pico/pico-sdk/src/rp2_common/pico_standard_link/crt0.S.obj
                0x100001e8                        __binary_info_header_end = .
 *(.reset)
 .reset         0x100001e8       0xa0 CMakeFiles/test.dir/home/kippur/pico/pico-sdk/src/rp2_common/pico_standard_link/crt0.S.obj
                0x100001e8                _entry_point
 .reset         0x10000288       0x30 CMakeFiles/test.dir/home/kippur/pico/pico-sdk/src/rp2_common/pico_standard_link/binary_info.c.obj
 *(.init)
 .init          0x100002b8        0x4 /usr/lib/gcc/arm-none-eabi/12.2.1/thumb/v6-m/nofp/crti.o
                0x100002b8                _init
 *(EXCLUDE_FILE(*libm.a: *libc.a:*lib_a-mem*.o *libgcc.a:) .text*)
 .text          0x100002bc       0x98 /usr/lib/gcc/arm-none-eabi/12.2.1/thumb/v6-m/nofp/crtbegin.o
 .text.adc_gpio_init
                0x10000354       0x20 CMakeFiles/test.dir/test.c.obj
 .text.startup.main
                0x10000374      0x200 CMakeFiles/test.dir/test.c.obj
                0x10000374                main
 .text.setMillis
                0x10000574       0x5c CMakeFiles/test.dir/servo.c.obj
                0x10000574                setMillis
 .text.setServo
                0x100005d0      0x164 CMakeFiles/test.dir/servo.c.obj
                0x100005d0                setServo
 .text.gpio_set_function
                0x10000734       0x30 CMakeFiles/test.dir/home/kippur/pico/pico-sdk/src/rp2_common/hardware_gpio/gpio.c.obj
                0x10000734                gpio_set_function
 .text.gpio_set_pulls
                0x10000764       0x24 CMakeFiles/test.dir/home/kippur/pico/pico-sdk/src/rp2_common/hardware_gpio/gpio.c.obj
                0x10000764                gpio_set_pulls
 .text.gpio_set_input_enabled
                0x10000788       0x28 CMakeFiles/test.dir/home/kippur/pico/pico-sdk/src/rp2_common/hardware_gpio/gpio.c.obj
                0x10000788                gpio_set_input_enabled
 .text.gpio_init
                0x100007b0       0x3c CMakeFiles/test.dir/home/kippur/pico/pico-sdk/src/rp2_common/hardware_gpio/gpio.c.obj
                0x100007b0                gpio_init
 .text.running_on_fpga
                0x100007ec       0x10 CMakeFiles/test.dir/home/kippur/pico/pico-sdk/src/rp2_common/pico_platform/platform.c.obj
                0x100007ec                running_on_fpga
 .text.hw_claim_or_assert
                0x100007fc       0x44 CMakeFiles/test.dir/home/kippur/pico/pico-sdk/src/rp2_common/hardware_claim/claim.c.obj
                0x100007fc                hw_claim_or_assert
 .text.hw_claim_unused_from_range
                0x10000840       0x9c CMakeFiles/test.dir/home/kippur/pico/pico-sdk/src/rp2_common/hardware_claim/claim.c.obj
                0x10000840                hw_claim_unused_from_range
 .text.spin_locks_reset
                0x100008dc       0x1c CMakeFiles/test.dir/home/kippur/pico/pico-sdk/src/rp2_common/hardware_sync/sync.c.obj
                0x100008dc                spin_locks_reset
 .text.next_striped_spin_lock_num
                0x100008f8       0x18 CMakeFiles/test.dir/home/kippur/pico/pico-sdk/src/rp2_common/hardware_sync/sync.c.obj
                0x100008f8                next_striped_spin_lock_num
 .text.spin_lock_claim_unused
                0x10000910       0x24 CMakeFiles/test.dir/home/kippur/pico/pico-sdk/src/rp2_common/hardware_sync/sync.c.obj
                0x10000910                spin_lock_claim_unused
 .text.irq_set_enabled
                0x10000934       0x24 CMakeFiles/test.dir/home/kippur/pico/pico-sdk/src/rp2_common/hardware_irq/irq.c.obj
                0x10000934                irq_set_enabled
 .text.irq_set_pending
                0x10000958       0x10 CMakeFiles/test.dir/home/kippur/pico/pico-sdk/src/rp2_common/hardware_irq/irq.c.obj
                0x10000958                irq_set_pending
 .text.irq_has_shared_handler
                0x10000968       0x2c CMakeFiles/test.dir/home/kippur/pico/pico-sdk/src/rp2_common/hardware_irq/irq.c.obj
                0x10000968                irq_has_shared_handler
 .text.irq_get_vtable_handler
                0x10000994       0x10 CMakeFiles/test.dir/home/kippur/pico/pico-sdk/src/rp2_common/hardware_irq/irq.c.obj
                0x10000994                irq_get_vtable_handler
 .text.irq_set_exclusive_handler
                0x100009a4       0x54 CMakeFiles/test.dir/home/kippur/pico/pico-sdk/src/rp2_common/hardware_irq/irq.c.obj
                0x100009a4                irq_set_exclusive_handler
 .text.irq_add_shared_handler
                0x100009f8      0x1f4 CMakeFiles/test.dir/home/kippur/pico/pico-sdk/src/rp2_common/hardware_irq/irq.c.obj
                0x100009f8                irq_add_shared_handler
 .text.irq_remove_handler
                0x10000bec      0x1c4 CMakeFiles/test.dir/home/kippur/pico/pico-sdk/src/rp2_common/hardware_irq/irq.c.obj
                0x10000bec                irq_remove_handler
 .text.irq_add_tail_to_free_list
                0x10000db0       0xb4 CMakeFiles/test.dir/home/kippur/pico/pico-sdk/src/rp2_common/hardware_irq/irq.c.obj
                0x10000db0                irq_add_tail_to_free_list
 .text.irq_init_priorities
                0x10000e64       0x24 CMakeFiles/test.dir/home/kippur/pico/pico-sdk/src/rp2_common/hardware_irq/irq.c.obj
                0x10000e64                irq_init_priorities
 .text.user_irq_claim_unused
                0x10000e88       0x2c CMakeFiles/test.dir/home/kippur/pico/pico-sdk/src/rp2_common/hardware_irq/irq.c.obj
                0x10000e88                user_irq_claim_unused
 .text.lock_init
                0x10000eb4       0x10 CMakeFiles/test.dir/home/kippur/pico/pico-sdk/src/common/pico_sync/lock_core.c.obj
                0x10000eb4                lock_init
 .text.mutex_init
                0x10000ec4       0x1c CMakeFiles/test.dir/home/kippur/pico/pico-sdk/src/common/pico_sync/mutex.c.obj
                0x10000ec4                mutex_init
 .text.recursive_mutex_init
                0x10000ee0       0x1c CMakeFiles/test.dir/home/kippur/pico/pico-sdk/src/common/pico_sync/mutex.c.obj
                0x10000ee0                recursive_mutex_init
 .text.critical_section_init
                0x10000efc       0x1c CMakeFiles/test.dir/home/kippur/pico/pico-sdk/src/common/pico_sync/critical_section.c.obj
                0x10000efc                critical_section_init
 .text.critical_section_init_with_lock_num
                0x10000f18       0x14 CMakeFiles/test.dir/home/kippur/pico/pico-sdk/src/common/pico_sync/critical_section.c.obj
                0x10000f18                critical_section_init_with_lock_num
 .text.timer_pool_entry_comparator
                0x10000f2c       0x34 CMakeFiles/test.dir/home/kippur/pico/pico-sdk/src/common/pico_time/time.c.obj
                0x10000f2c                timer_pool_entry_comparator
 .text.sleep_until_callback
                0x10000f60       0x30 CMakeFiles/test.dir/home/kippur/pico/pico-sdk/src/common/pico_time/time.c.obj
 .text.add_alarm_under_lock.isra.0
                0x10000f90      0x100 CMakeFiles/test.dir/home/kippur/pico/pico-sdk/src/common/pico_time/time.c.obj
 .text.alarm_pool_alarm_callback
                0x10001090      0x1c0 CMakeFiles/test.dir/home/kippur/pico/pico-sdk/src/common/pico_time/time.c.obj
 .text.alarm_pool_init_default
                0x10001250       0x6c CMakeFiles/test.dir/home/kippur/pico/pico-sdk/src/common/pico_time/time.c.obj
                0x10001250                alarm_pool_init_default
 .text.alarm_pool_get_default
                0x100012bc        0x8 CMakeFiles/test.dir/home/kippur/pico/pico-sdk/src/common/pico_time/time.c.obj
                0x100012bc                alarm_pool_get_default
 .text.alarm_pool_add_alarm_at
                0x100012c4      0x188 CMakeFiles/test.dir/home/kippur/pico/pico-sdk/src/common/pico_time/time.c.obj
                0x100012c4                alarm_pool_add_alarm_at
 .text.alarm_pool_core_num
                0x1000144c        0x4 CMakeFiles/test.dir/home/kippur/pico/pico-sdk/src/common/pico_time/time.c.obj
                0x1000144c                alarm_pool_core_num
 .text.sleep_until
                0x10001450       0xc4 CMakeFiles/test.dir/home/kippur/pico/pico-sdk/src/common/pico_time/time.c.obj
                0x10001450                sleep_until
 .text.sleep_ms
                0x10001514       0x38 CMakeFiles/test.dir/home/kippur/pico/pico-sdk/src/common/pico_time/time.c.obj
                0x10001514                sleep_ms
 .text.best_effort_wfe_or_timeout
                0x1000154c       0xec CMakeFiles/test.dir/home/kippur/pico/pico-sdk/src/common/pico_time/time.c.obj
                0x1000154c                best_effort_wfe_or_timeout
 .text.hardware_alarm_irq_handler
                0x10001638       0xbc CMakeFiles/test.dir/home/kippur/pico/pico-sdk/src/rp2_common/hardware_timer/timer.c.obj
 .text.hardware_alarm_claim
                0x100016f4       0x18 CMakeFiles/test.dir/home/kippur/pico/pico-sdk/src/rp2_common/hardware_timer/timer.c.obj
                0x100016f4                hardware_alarm_claim
 .text.time_us_64
                0x1000170c       0x14 CMakeFiles/test.dir/home/kippur/pico/pico-sdk/src/rp2_common/hardware_timer/timer.c.obj
                0x1000170c                time_us_64
 .text.busy_wait_us
                0x10001720       0x68 CMakeFiles/test.dir/home/kippur/pico/pico-sdk/src/rp2_common/hardware_timer/timer.c.obj
                0x10001720                busy_wait_us
 .text.busy_wait_until
                0x10001788       0x20 CMakeFiles/test.dir/home/kippur/pico/pico-sdk/src/rp2_common/hardware_timer/timer.c.obj
                0x10001788                busy_wait_until
 .text.hardware_alarm_set_callback
                0x100017a8       0x8c CMakeFiles/test.dir/home/kippur/pico/pico-sdk/src/rp2_common/hardware_timer/timer.c.obj
                0x100017a8                hardware_alarm_set_callback
 .text.hardware_alarm_set_target
                0x10001834       0xd0 CMakeFiles/test.dir/home/kippur/pico/pico-sdk/src/rp2_common/hardware_timer/timer.c.obj
                0x10001834                hardware_alarm_set_target
 .text.hardware_alarm_cancel
                0x10001904       0x3c CMakeFiles/test.dir/home/kippur/pico/pico-sdk/src/rp2_common/hardware_timer/timer.c.obj
                0x10001904                hardware_alarm_cancel
 .text.ph_merge_nodes
                0x10001940       0x64 CMakeFiles/test.dir/home/kippur/pico/pico-sdk/src/common/pico_util/pheap.c.obj
 .text.ph_post_alloc_init
                0x100019a4       0x3c CMakeFiles/test.dir/home/kippur/pico/pico-sdk/src/common/pico_util/pheap.c.obj
                0x100019a4                ph_post_alloc_init
 .text.ph_merge_two_pass
                0x100019e0       0x98 CMakeFiles/test.dir/home/kippur/pico/pico-sdk/src/common/pico_util/pheap.c.obj
                0x100019e0                ph_merge_two_pass
 .text.ph_remove_any_head
                0x10001a78      0x100 CMakeFiles/test.dir/home/kippur/pico/pico-sdk/src/common/pico_util/pheap.c.obj
 .text.ph_remove_head
                0x10001b78      0x104 CMakeFiles/test.dir/home/kippur/pico/pico-sdk/src/common/pico_util/pheap.c.obj
                0x10001b78                ph_remove_head
 .text.ph_remove_and_free_node
                0x10001c7c       0x78 CMakeFiles/test.dir/home/kippur/pico/pico-sdk/src/common/pico_util/pheap.c.obj
                0x10001c7c                ph_remove_and_free_node
 .text.uart_init
                0x10001cf4      0x188 CMakeFiles/test.dir/home/kippur/pico/pico-sdk/src/rp2_common/hardware_uart/uart.c.obj
                0x10001cf4                uart_init
 .text.clocks_init
                0x10001e7c      0x2c8 CMakeFiles/test.dir/home/kippur/pico/pico-sdk/src/rp2_common/hardware_clocks/clocks.c.obj
                0x10001e7c                clocks_init
 .text.clock_get_hz
                0x10002144        0xc CMakeFiles/test.dir/home/kippur/pico/pico-sdk/src/rp2_common/hardware_clocks/clocks.c.obj
                0x10002144                clock_get_hz
 .text.pll_init
                0x10002150       0xa0 CMakeFiles/test.dir/home/kippur/pico/pico-sdk/src/rp2_common/hardware_pll/pll.c.obj
                0x10002150                pll_init
 .text.watchdog_start_tick
                0x100021f0       0x10 CMakeFiles/test.dir/home/kippur/pico/pico-sdk/src/rp2_common/hardware_watchdog/watchdog.c.obj
                0x100021f0                watchdog_start_tick
 .text.watchdog_reboot
                0x10002200       0x9c CMakeFiles/test.dir/home/kippur/pico/pico-sdk/src/rp2_common/hardware_watchdog/watchdog.c.obj
                0x10002200                watchdog_reboot
 .text.xosc_init
                0x1000229c       0x28 CMakeFiles/test.dir/home/kippur/pico/pico-sdk/src/rp2_common/hardware_xosc/xosc.c.obj
                0x1000229c                xosc_init
 .text.runtime_init
                0x100022c4       0xf0 CMakeFiles/test.dir/home/kippur/pico/pico-sdk/src/rp2_common/pico_runtime/runtime.c.obj
                0x100022c4                runtime_init
 .text._exit    0x100023b4        0x4 CMakeFiles/test.dir/home/kippur/pico/pico-sdk/src/rp2_common/pico_runtime/runtime.c.obj
                0x100023b4                _exit
 .text._sbrk    0x100023b8       0x34 CMakeFiles/test.dir/home/kippur/pico/pico-sdk/src/rp2_common/pico_runtime/runtime.c.obj
                0x100023b8                _sbrk
 .text.exit     0x100023ec        0x8 CMakeFiles/test.dir/home/kippur/pico/pico-sdk/src/rp2_common/pico_runtime/runtime.c.obj
                0x100023ec                exit
 .text.__assert_func
                0x100023f4       0x38 CMakeFiles/test.dir/home/kippur/pico/pico-sdk/src/rp2_common/pico_runtime/runtime.c.obj
                0x100023f4                __assert_func
 .text.panic    0x1000242c       0x30 CMakeFiles/test.dir/home/kippur/pico/pico-sdk/src/rp2_common/pico_runtime/runtime.c.obj
                0x1000242c                panic
 .text.hard_assertion_failure
                0x1000245c        0xc CMakeFiles/test.dir/home/kippur/pico/pico-sdk/src/rp2_common/pico_runtime/runtime.c.obj
                0x1000245c                hard_assertion_failure
 .text._out_buffer
                0x10002468        0x8 CMakeFiles/test.dir/home/kippur/pico/pico-sdk/src/rp2_common/pico_printf/printf.c.obj
 .text._out_null
                0x10002470        0x4 CMakeFiles/test.dir/home/kippur/pico/pico-sdk/src/rp2_common/pico_printf/printf.c.obj
 .text._out_rev
                0x10002474       0x90 CMakeFiles/test.dir/home/kippur/pico/pico-sdk/src/rp2_common/pico_printf/printf.c.obj
 .text._ntoa_format
                0x10002504      0x1f4 CMakeFiles/test.dir/home/kippur/pico/pico-sdk/src/rp2_common/pico_printf/printf.c.obj
 .text._out_char
                0x100026f8       0x10 CMakeFiles/test.dir/home/kippur/pico/pico-sdk/src/rp2_common/pico_printf/printf.c.obj
 .text._out_fct
                0x10002708       0x10 CMakeFiles/test.dir/home/kippur/pico/pico-sdk/src/rp2_common/pico_printf/printf.c.obj
 .text._etoa    0x10002718      0x454 CMakeFiles/test.dir/home/kippur/pico/pico-sdk/src/rp2_common/pico_printf/printf.c.obj
 .text._ftoa    0x10002b6c      0x3c4 CMakeFiles/test.dir/home/kippur/pico/pico-sdk/src/rp2_common/pico_printf/printf.c.obj
 .text._vsnprintf
                0x10002f30      0xb24 CMakeFiles/test.dir/home/kippur/pico/pico-sdk/src/rp2_common/pico_printf/printf.c.obj
 .text.__wrap_sprintf
                0x10003a54       0x2c CMakeFiles/test.dir/home/kippur/pico/pico-sdk/src/rp2_common/pico_printf/printf.c.obj
                0x10003a54                __wrap_sprintf
 .text.vfctprintf
                0x10003a80       0x20 CMakeFiles/test.dir/home/kippur/pico/pico-sdk/src/rp2_common/pico_printf/printf.c.obj
                0x10003a80                vfctprintf
 .text.weak_raw_printf
                0x10003aa0       0x40 CMakeFiles/test.dir/home/kippur/pico/pico-sdk/src/rp2_common/pico_printf/printf.c.obj
                0x10003aa0                weak_raw_printf
 .text.weak_raw_vprintf
                0x10003ae0       0x30 CMakeFiles/test.dir/home/kippur/pico/pico-sdk/src/rp2_common/pico_printf/printf.c.obj
                0x10003ae0                weak_raw_vprintf
 .text          0x10003b10       0x10 CMakeFiles/test.dir/home/kippur/pico/pico-sdk/src/rp2_common/pico_bit_ops/bit_ops_aeabi.S.obj
 .text.rom_func_lookup
                0x10003b20       0x10 CMakeFiles/test.dir/home/kippur/pico/pico-sdk/src/rp2_common/pico_bootrom/bootrom.c.obj
                0x10003b20                rom_func_lookup
 .text.rom_data_lookup
                0x10003b30       0x10 CMakeFiles/test.dir/home/kippur/pico/pico-sdk/src/rp2_common/pico_bootrom/bootrom.c.obj
                0x10003b30                rom_data_lookup
 .text.rom_funcs_lookup
                0x10003b40       0x44 CMakeFiles/test.dir/home/kippur/pico/pico-sdk/src/rp2_common/pico_bootrom/bootrom.c.obj
                0x10003b40                rom_funcs_lookup
 .text.__wrap___aeabi_idiv
                0x10003b84       0x50 CMakeFiles/test.dir/home/kippur/pico/pico-sdk/src/rp2_common/pico_divider/divider.S.obj
                0x10003b84                __wrap___aeabi_idivmod
                0x10003b84                divmod_s32s32
                0x10003b84                div_s32s32
                0x10003b84                __wrap___aeabi_idiv
                0x10003b8c                divmod_s32s32_unsafe
                0x10003bb8                divmod_s32s32_savestate
 .text.__wrap___aeabi_uidiv
                0x10003bd4       0x4c CMakeFiles/test.dir/home/kippur/pico/pico-sdk/src/rp2_common/pico_divider/divider.S.obj
                0x10003bd4                __wrap___aeabi_uidiv
                0x10003bd4                __wrap___aeabi_uidivmod
                0x10003bd4                div_u32u32
                0x10003bd4                divmod_u32u32
                0x10003bdc                divmod_u32u32_unsafe
                0x10003c04                divmod_u32u32_savestate
 .text.__wrap___aeabi_ldiv
                0x10003c20      0x424 CMakeFiles/test.dir/home/kippur/pico/pico-sdk/src/rp2_common/pico_divider/divider.S.obj
                0x10003c20                div_s64s64
                0x10003c20                divmod_s64s64
                0x10003c20                __wrap___aeabi_ldivmod
                0x10003c50                div_u64u64
                0x10003c50                divmod_u64u64
                0x10003c50                __wrap___aeabi_uldivmod
                0x10003c60                divmod_u64u64_savestate
                0x10003c80                divmod_s64s64_unsafe
                0x10003d08                divmod_u64u64_unsafe
 .text.__wrap___aeabi_darithmetic
                0x10004044       0x60 CMakeFiles/test.dir/home/kippur/pico/pico-sdk/src/rp2_common/pico_double/double_aeabi.S.obj
                0x10004044                __wrap___aeabi_drsub
                0x1000404a                __wrap___aeabi_dsub
                0x10004054                __wrap___aeabi_dadd
                0x1000405e                __wrap___aeabi_ddiv
                0x10004092                __wrap___aeabi_dmul
 .text.__wrap___aeabi_cdcmple
                0x100040a4       0x6c CMakeFiles/test.dir/home/kippur/pico/pico-sdk/src/rp2_common/pico_double/double_aeabi.S.obj
                0x100040a4                __wrap___aeabi_cdrcmple
                0x100040b4                __wrap___aeabi_cdcmple
                0x100040b4                __wrap___aeabi_cdcmpeq
 .text.__wrap___aeabi_dcmpeq
                0x10004110       0x10 CMakeFiles/test.dir/home/kippur/pico/pico-sdk/src/rp2_common/pico_double/double_aeabi.S.obj
                0x10004110                __wrap___aeabi_dcmpeq
 .text.__wrap___aeabi_dcmplt
                0x10004120        0xc CMakeFiles/test.dir/home/kippur/pico/pico-sdk/src/rp2_common/pico_double/double_aeabi.S.obj
                0x10004120                __wrap___aeabi_dcmplt
 .text.__wrap___aeabi_dcmple
                0x1000412c       0x10 CMakeFiles/test.dir/home/kippur/pico/pico-sdk/src/rp2_common/pico_double/double_aeabi.S.obj
                0x1000412c                __wrap___aeabi_dcmple
 .text.__wrap___aeabi_dcmpge
                0x1000413c       0x10 CMakeFiles/test.dir/home/kippur/pico/pico-sdk/src/rp2_common/pico_double/double_aeabi.S.obj
                0x1000413c                __wrap___aeabi_dcmpge
 .text.__wrap___aeabi_dcmpgt
                0x1000414c        0xa CMakeFiles/test.dir/home/kippur/pico/pico-sdk/src/rp2_common/pico_double/double_aeabi.S.obj
                0x1000414c                __wrap___aeabi_dcmpgt
 .text.__wrap___aeabi_dcmpun
                0x10004156       0x1c CMakeFiles/test.dir/home/kippur/pico/pico-sdk/src/rp2_common/pico_double/double_aeabi.S.obj
                0x10004156                __wrap___aeabi_dcmpun
 *fill*         0x10004172        0x2 
 .text.__wrap___aeabi_i2d
                0x10004174       0x38 CMakeFiles/test.dir/home/kippur/pico/pico-sdk/src/rp2_common/pico_double/double_aeabi.S.obj
                0x10004174                __wrap___aeabi_ui2d
                0x1000417c                __wrap___aeabi_i2d
 .text.__wrap___aeabi_d2iz
                0x100041ac       0x48 CMakeFiles/test.dir/home/kippur/pico/pico-sdk/src/rp2_common/pico_double/double_aeabi.S.obj
                0x100041ac                __wrap___aeabi_d2iz
                0x100041ac                double2int_z
 .text.__wrap___aeabi_d2uiz
                0x100041f4       0x10 CMakeFiles/test.dir/home/kippur/pico/pico-sdk/src/rp2_common/pico_double/double_aeabi.S.obj
                0x100041f4                double2uint
                0x100041f4                __wrap___aeabi_d2uiz
 .text.__wrap___aeabi_l2d
                0x10004204       0x10 CMakeFiles/test.dir/home/kippur/pico/pico-sdk/src/rp2_common/pico_double/double_aeabi.S.obj
                0x10004204                __wrap___aeabi_l2d
 .text.__wrap___aeabi_d2lz
                0x10004214       0x26 CMakeFiles/test.dir/home/kippur/pico/pico-sdk/src/rp2_common/pico_double/double_aeabi.S.obj
                0x10004214                __wrap___aeabi_d2lz
                0x10004214                double2int64_z
 *fill*         0x1000423a        0x2 
 .text.double2int64
                0x1000423c       0x10 CMakeFiles/test.dir/home/kippur/pico/pico-sdk/src/rp2_common/pico_double/double_aeabi.S.obj
                0x1000423c                double2int64
 .text.double2ufix64
                0x1000424c       0x10 CMakeFiles/test.dir/home/kippur/pico/pico-sdk/src/rp2_common/pico_double/double_aeabi.S.obj
                0x1000424c                double2ufix64
 .text.__wrap___aeabi_d2f
                0x1000425c       0x10 CMakeFiles/test.dir/home/kippur/pico/pico-sdk/src/rp2_common/pico_double/double_aeabi.S.obj
                0x1000425c                __wrap___aeabi_d2f
 .text.missing_double_func_shim
                0x1000426c        0xc CMakeFiles/test.dir/home/kippur/pico/pico-sdk/src/rp2_common/pico_double/double_init_rom.c.obj
 .text.__aeabi_double_init
                0x10004278       0x94 CMakeFiles/test.dir/home/kippur/pico/pico-sdk/src/rp2_common/pico_double/double_init_rom.c.obj
                0x10004278                __aeabi_double_init
 .text.double_table_shim_on_use_helper
                0x1000430c       0x2c CMakeFiles/test.dir/home/kippur/pico/pico-sdk/src/rp2_common/pico_double/double_v1_rom_shim.S.obj
                0x1000430c                double_table_shim_on_use_helper
 .text.__aeabi_lmul
                0x10004338       0x32 CMakeFiles/test.dir/home/kippur/pico/pico-sdk/src/rp2_common/pico_int64_ops/pico_int64_ops_aeabi.S.obj
                0x10004338                __wrap___aeabi_lmul
 *fill*         0x1000436a        0x2 
 .text.__wrap___aeabi_farithmetic
                0x1000436c       0x48 CMakeFiles/test.dir/home/kippur/pico/pico-sdk/src/rp2_common/pico_float/float_aeabi.S.obj
                0x1000436c                __wrap___aeabi_frsub
                0x10004372                __wrap___aeabi_fsub
                0x10004378                __wrap___aeabi_fadd
                0x1000437e                __wrap___aeabi_fdiv
                0x100043a6                __wrap___aeabi_fmul
 .text.__wrap___aeabi_cfcmple
                0x100043b4       0x50 CMakeFiles/test.dir/home/kippur/pico/pico-sdk/src/rp2_common/pico_float/float_aeabi.S.obj
                0x100043b4                __wrap___aeabi_cfrcmple
                0x100043c0                __wrap___aeabi_cfcmpeq
                0x100043c0                __wrap___aeabi_cfcmple
 .text.__wrap___aeabi_fcmple
                0x10004404       0x10 CMakeFiles/test.dir/home/kippur/pico/pico-sdk/src/rp2_common/pico_float/float_aeabi.S.obj
                0x10004404                __wrap___aeabi_fcmple
 .text.__wrap___aeabi_fcmpgt
                0x10004414        0xa CMakeFiles/test.dir/home/kippur/pico/pico-sdk/src/rp2_common/pico_float/float_aeabi.S.obj
                0x10004414                __wrap___aeabi_fcmpgt
 .text.__wrap___aeabi_fcmpun
                0x1000441e       0x18 CMakeFiles/test.dir/home/kippur/pico/pico-sdk/src/rp2_common/pico_float/float_aeabi.S.obj
                0x1000441e                __wrap___aeabi_fcmpun
 .text.__wrap___aeabi_ui2f
                0x10004436        0xa CMakeFiles/test.dir/home/kippur/pico/pico-sdk/src/rp2_common/pico_float/float_aeabi.S.obj
                0x10004436                __wrap___aeabi_ui2f
 .text.__wrap___aeabi_i2f
                0x10004440       0x44 CMakeFiles/test.dir/home/kippur/pico/pico-sdk/src/rp2_common/pico_float/float_aeabi.S.obj
                0x10004440                __wrap___aeabi_i2f
 .text.__wrap___aeabi_f2uiz
                0x10004484        0xc CMakeFiles/test.dir/home/kippur/pico/pico-sdk/src/rp2_common/pico_float/float_aeabi.S.obj
                0x10004484                __wrap___aeabi_f2uiz
 .text.missing_float_func_shim
                0x10004490        0xc CMakeFiles/test.dir/home/kippur/pico/pico-sdk/src/rp2_common/pico_float/float_init_rom.c.obj
 .text.__aeabi_float_init
                0x1000449c       0x5c CMakeFiles/test.dir/home/kippur/pico/pico-sdk/src/rp2_common/pico_float/float_init_rom.c.obj
                0x1000449c                __aeabi_float_init
 .text          0x100044f8       0x10 CMakeFiles/test.dir/home/kippur/pico/pico-sdk/src/rp2_common/pico_mem_ops/mem_ops_aeabi.S.obj
                0x100044f8                __aeabi_mem_init
 .text.memset   0x10004508        0xc CMakeFiles/test.dir/home/kippur/pico/pico-sdk/src/rp2_common/pico_mem_ops/mem_ops_aeabi.S.obj
                0x10004508                __wrap_memset
 .text.memcpy   0x10004514        0xc CMakeFiles/test.dir/home/kippur/pico/pico-sdk/src/rp2_common/pico_mem_ops/mem_ops_aeabi.S.obj
                0x10004514                __wrap___aeabi_memcpy
                0x10004514                __wrap_memcpy
 .text.stdio_out_chars_crlf
                0x10004520       0xbc CMakeFiles/test.dir/home/kippur/pico/pico-sdk/src/rp2_common/pico_stdio/stdio.c.obj
 .text.stdio_buffered_printer
                0x100045dc       0x64 CMakeFiles/test.dir/home/kippur/pico/pico-sdk/src/rp2_common/pico_stdio/stdio.c.obj
 .text.__wrap_putchar
                0x10004640       0x98 CMakeFiles/test.dir/home/kippur/pico/pico-sdk/src/rp2_common/pico_stdio/stdio.c.obj
                0x10004640                __wrap_putchar
 .text.__wrap_puts
                0x100046d8       0xe0 CMakeFiles/test.dir/home/kippur/pico/pico-sdk/src/rp2_common/pico_stdio/stdio.c.obj
                0x100046d8                __wrap_puts
 .text._read    0x100047b8       0x94 CMakeFiles/test.dir/home/kippur/pico/pico-sdk/src/rp2_common/pico_stdio/stdio.c.obj
                0x100047b8                _read
 .text._write   0x1000484c       0xb4 CMakeFiles/test.dir/home/kippur/pico/pico-sdk/src/rp2_common/pico_stdio/stdio.c.obj
                0x1000484c                _write
 .text._close   0x10004900        0x8 CMakeFiles/test.dir/home/kippur/pico/pico-sdk/src/rp2_common/pico_stdio/stdio.c.obj
                0x10004900                _close
 .text._lseek   0x10004908        0x8 CMakeFiles/test.dir/home/kippur/pico/pico-sdk/src/rp2_common/pico_stdio/stdio.c.obj
                0x10004908                _lseek
 .text._fstat   0x10004910        0x8 CMakeFiles/test.dir/home/kippur/pico/pico-sdk/src/rp2_common/pico_stdio/stdio.c.obj
                0x10004910                _fstat
 .text._isatty  0x10004918        0xc CMakeFiles/test.dir/home/kippur/pico/pico-sdk/src/rp2_common/pico_stdio/stdio.c.obj
                0x10004918                _isatty
 .text.stdio_set_driver_enabled
                0x10004924       0x30 CMakeFiles/test.dir/home/kippur/pico/pico-sdk/src/rp2_common/pico_stdio/stdio.c.obj
                0x10004924                stdio_set_driver_enabled
 .text.__wrap_vprintf
                0x10004954       0xd4 CMakeFiles/test.dir/home/kippur/pico/pico-sdk/src/rp2_common/pico_stdio/stdio.c.obj
                0x10004954                __wrap_vprintf
 .text.__wrap_printf
                0x10004a28       0x18 CMakeFiles/test.dir/home/kippur/pico/pico-sdk/src/rp2_common/pico_stdio/stdio.c.obj
                0x10004a28                __wrap_printf
 .text.stdio_init_all
                0x10004a40       0x10 CMakeFiles/test.dir/home/kippur/pico/pico-sdk/src/rp2_common/pico_stdio/stdio.c.obj
                0x10004a40                stdio_init_all
 .text.stdio_uart_out_chars
                0x10004a50       0x4c CMakeFiles/test.dir/home/kippur/pico/pico-sdk/src/rp2_common/pico_stdio_uart/stdio_uart.c.obj
 .text.stdio_uart_in_chars
                0x10004a9c       0x98 CMakeFiles/test.dir/home/kippur/pico/pico-sdk/src/rp2_common/pico_stdio_uart/stdio_uart.c.obj
                0x10004a9c                stdio_uart_in_chars
 .text.on_uart_rx
                0x10004b34       0x28 CMakeFiles/test.dir/home/kippur/pico/pico-sdk/src/rp2_common/pico_stdio_uart/stdio_uart.c.obj
 .text.stdio_uart_set_chars_available_callback
                0x10004b5c       0x8c CMakeFiles/test.dir/home/kippur/pico/pico-sdk/src/rp2_common/pico_stdio_uart/stdio_uart.c.obj
 .text.stdio_uart_init
                0x10004be8       0x48 CMakeFiles/test.dir/home/kippur/pico/pico-sdk/src/rp2_common/pico_stdio_uart/stdio_uart.c.obj
                0x10004be8                stdio_uart_init
 .text.resetd_init
                0x10004c30        0x4 CMakeFiles/test.dir/home/kippur/pico/pico-sdk/src/rp2_common/pico_stdio_usb/reset_interface.c.obj
 .text.resetd_reset
                0x10004c34        0xc CMakeFiles/test.dir/home/kippur/pico/pico-sdk/src/rp2_common/pico_stdio_usb/reset_interface.c.obj
 .text.resetd_open
                0x10004c40       0x28 CMakeFiles/test.dir/home/kippur/pico/pico-sdk/src/rp2_common/pico_stdio_usb/reset_interface.c.obj
 .text.resetd_xfer_cb
                0x10004c68        0x4 CMakeFiles/test.dir/home/kippur/pico/pico-sdk/src/rp2_common/pico_stdio_usb/reset_interface.c.obj
 .text.resetd_control_xfer_cb
                0x10004c6c       0x60 CMakeFiles/test.dir/home/kippur/pico/pico-sdk/src/rp2_common/pico_stdio_usb/reset_interface.c.obj
 .text.usbd_app_driver_get_cb
                0x10004ccc        0xc CMakeFiles/test.dir/home/kippur/pico/pico-sdk/src/rp2_common/pico_stdio_usb/reset_interface.c.obj
                0x10004ccc                usbd_app_driver_get_cb
 .text.tud_cdc_line_coding_cb
                0x10004cd8       0x34 CMakeFiles/test.dir/home/kippur/pico/pico-sdk/src/rp2_common/pico_stdio_usb/reset_interface.c.obj
                0x10004cd8                tud_cdc_line_coding_cb
 .text.stdio_usb_set_chars_available_callback
                0x10004d0c       0x14 CMakeFiles/test.dir/home/kippur/pico/pico-sdk/src/rp2_common/pico_stdio_usb/stdio_usb.c.obj
                0x10004d0c                stdio_usb_set_chars_available_callback
 .text.usb_irq  0x10004d20       0x10 CMakeFiles/test.dir/home/kippur/pico/pico-sdk/src/rp2_common/pico_stdio_usb/stdio_usb.c.obj
 .text.timer_task
                0x10004d30       0x54 CMakeFiles/test.dir/home/kippur/pico/pico-sdk/src/rp2_common/pico_stdio_usb/stdio_usb.c.obj
 .text.stdio_usb_in_chars
                0x10004d84       0x90 CMakeFiles/test.dir/home/kippur/pico/pico-sdk/src/rp2_common/pico_stdio_usb/stdio_usb.c.obj
                0x10004d84                stdio_usb_in_chars
 .text.stdio_usb_out_chars
                0x10004e14      0x104 CMakeFiles/test.dir/home/kippur/pico/pico-sdk/src/rp2_common/pico_stdio_usb/stdio_usb.c.obj
 .text.low_priority_worker_irq
                0x10004f18       0xa8 CMakeFiles/test.dir/home/kippur/pico/pico-sdk/src/rp2_common/pico_stdio_usb/stdio_usb.c.obj
 .text.tud_cdc_rx_cb
                0x10004fc0       0x20 CMakeFiles/test.dir/home/kippur/pico/pico-sdk/src/rp2_common/pico_stdio_usb/stdio_usb.c.obj
                0x10004fc0                tud_cdc_rx_cb
 .text.stdio_usb_init
                0x10004fe0       0xe0 CMakeFiles/test.dir/home/kippur/pico/pico-sdk/src/rp2_common/pico_stdio_usb/stdio_usb.c.obj
                0x10004fe0                stdio_usb_init
 .text.tud_descriptor_device_cb
                0x100050c0        0x8 CMakeFiles/test.dir/home/kippur/pico/pico-sdk/src/rp2_common/pico_stdio_usb/stdio_usb_descriptors.c.obj
                0x100050c0                tud_descriptor_device_cb
 .text.tud_descriptor_configuration_cb
                0x100050c8        0x8 CMakeFiles/test.dir/home/kippur/pico/pico-sdk/src/rp2_common/pico_stdio_usb/stdio_usb_descriptors.c.obj
                0x100050c8                tud_descriptor_configuration_cb
 .text.tud_descriptor_string_cb
                0x100050d0       0x78 CMakeFiles/test.dir/home/kippur/pico/pico-sdk/src/rp2_common/pico_stdio_usb/stdio_usb_descriptors.c.obj
                0x100050d0                tud_descriptor_string_cb
 .text.startup._retrieve_unique_id_on_boot
                0x10005148       0x10 CMakeFiles/test.dir/home/kippur/pico/pico-sdk/src/rp2_common/pico_unique_id/unique_id.c.obj
 .text.pico_get_unique_board_id_string
                0x10005158      0x1a8 CMakeFiles/test.dir/home/kippur/pico/pico-sdk/src/rp2_common/pico_unique_id/unique_id.c.obj
                0x10005158                pico_get_unique_board_id_string
 .text.flash_get_unique_id
                0x10005300       0x40 CMakeFiles/test.dir/home/kippur/pico/pico-sdk/src/rp2_common/hardware_flash/flash.c.obj
                0x10005300                flash_get_unique_id
 .text.dcd_int_enable
                0x10005340        0xc CMakeFiles/test.dir/home/kippur/pico/pico-sdk/lib/tinyusb/src/portable/raspberrypi/rp2040/dcd_rp2040.c.obj
                0x10005340                dcd_int_enable
 .text.dcd_set_address
                0x1000534c       0x14 CMakeFiles/test.dir/home/kippur/pico/pico-sdk/lib/tinyusb/src/portable/raspberrypi/rp2040/dcd_rp2040.c.obj
                0x1000534c                dcd_set_address
 .text.dcd_connect
                0x10005360       0x10 CMakeFiles/test.dir/home/kippur/pico/pico-sdk/lib/tinyusb/src/portable/raspberrypi/rp2040/dcd_rp2040.c.obj
                0x10005360                dcd_connect
 .text.dcd_init
                0x10005370       0x98 CMakeFiles/test.dir/home/kippur/pico/pico-sdk/lib/tinyusb/src/portable/raspberrypi/rp2040/dcd_rp2040.c.obj
                0x10005370                dcd_init
 .text.dcd_edpt0_status_complete
                0x10005408       0x1c CMakeFiles/test.dir/home/kippur/pico/pico-sdk/lib/tinyusb/src/portable/raspberrypi/rp2040/dcd_rp2040.c.obj
                0x10005408                dcd_edpt0_status_complete
 .text.dcd_edpt_open
                0x10005424      0x108 CMakeFiles/test.dir/home/kippur/pico/pico-sdk/lib/tinyusb/src/portable/raspberrypi/rp2040/dcd_rp2040.c.obj
                0x10005424                dcd_edpt_open
 .text.dcd_edpt_close_all
                0x1000552c        0x8 CMakeFiles/test.dir/home/kippur/pico/pico-sdk/lib/tinyusb/src/portable/raspberrypi/rp2040/dcd_rp2040.c.obj
                0x1000552c                dcd_edpt_close_all
 .text.dcd_edpt_xfer
                0x10005534       0x24 CMakeFiles/test.dir/home/kippur/pico/pico-sdk/lib/tinyusb/src/portable/raspberrypi/rp2040/dcd_rp2040.c.obj
                0x10005534                dcd_edpt_xfer
 .text.dcd_edpt_stall
                0x10005558       0x38 CMakeFiles/test.dir/home/kippur/pico/pico-sdk/lib/tinyusb/src/portable/raspberrypi/rp2040/dcd_rp2040.c.obj
                0x10005558                dcd_edpt_stall
 .text.dcd_edpt_clear_stall
                0x10005590       0x30 CMakeFiles/test.dir/home/kippur/pico/pico-sdk/lib/tinyusb/src/portable/raspberrypi/rp2040/dcd_rp2040.c.obj
                0x10005590                dcd_edpt_clear_stall
 .text.rp2040_usb_init
                0x100055c0       0x4c CMakeFiles/test.dir/home/kippur/pico/pico-sdk/lib/tinyusb/src/portable/raspberrypi/rp2040/rp2040_usb.c.obj
                0x100055c0                rp2040_usb_init
 .text.hw_endpoint_xfer_start
                0x1000560c       0x40 CMakeFiles/test.dir/home/kippur/pico/pico-sdk/lib/tinyusb/src/portable/raspberrypi/rp2040/rp2040_usb.c.obj
                0x1000560c                hw_endpoint_xfer_start
 .text.tud_mounted
                0x1000564c       0x10 CMakeFiles/test.dir/home/kippur/pico/pico-sdk/lib/tinyusb/src/device/usbd.c.obj
                0x1000564c                tud_mounted
 .text.tud_suspended
                0x1000565c       0x10 CMakeFiles/test.dir/home/kippur/pico/pico-sdk/lib/tinyusb/src/device/usbd.c.obj
                0x1000565c                tud_suspended
 .text.tud_inited
                0x1000566c       0x14 CMakeFiles/test.dir/home/kippur/pico/pico-sdk/lib/tinyusb/src/device/usbd.c.obj
                0x1000566c                tud_inited
 .text.tud_init
                0x10005680       0xd8 CMakeFiles/test.dir/home/kippur/pico/pico-sdk/lib/tinyusb/src/device/usbd.c.obj
                0x10005680                tud_init
 .text.tud_task_ext
                0x10005758      0x8a8 CMakeFiles/test.dir/home/kippur/pico/pico-sdk/lib/tinyusb/src/device/usbd.c.obj
                0x10005758                tud_task_ext
 .text.usbd_open_edpt_pair
                0x10006000       0x9c CMakeFiles/test.dir/home/kippur/pico/pico-sdk/lib/tinyusb/src/device/usbd.c.obj
                0x10006000                usbd_open_edpt_pair
 .text.usbd_defer_func
                0x1000609c       0x48 CMakeFiles/test.dir/home/kippur/pico/pico-sdk/lib/tinyusb/src/device/usbd.c.obj
                0x1000609c                usbd_defer_func
 .text.usbd_edpt_open
                0x100060e4       0x34 CMakeFiles/test.dir/home/kippur/pico/pico-sdk/lib/tinyusb/src/device/usbd.c.obj
                0x100060e4                usbd_edpt_open
 .text.usbd_edpt_claim
                0x10006118       0x28 CMakeFiles/test.dir/home/kippur/pico/pico-sdk/lib/tinyusb/src/device/usbd.c.obj
                0x10006118                usbd_edpt_claim
 .text.usbd_edpt_release
                0x10006140       0x28 CMakeFiles/test.dir/home/kippur/pico/pico-sdk/lib/tinyusb/src/device/usbd.c.obj
                0x10006140                usbd_edpt_release
 .text.usbd_edpt_xfer
                0x10006168       0x4c CMakeFiles/test.dir/home/kippur/pico/pico-sdk/lib/tinyusb/src/device/usbd.c.obj
                0x10006168                usbd_edpt_xfer
 .text.tud_control_status
                0x100061b4       0x2c CMakeFiles/test.dir/home/kippur/pico/pico-sdk/lib/tinyusb/src/device/usbd_control.c.obj
                0x100061b4                tud_control_status
 .text.tud_control_xfer
                0x100061e0       0xac CMakeFiles/test.dir/home/kippur/pico/pico-sdk/lib/tinyusb/src/device/usbd_control.c.obj
                0x100061e0                tud_control_xfer
 .text.usbd_control_reset
                0x1000628c       0x14 CMakeFiles/test.dir/home/kippur/pico/pico-sdk/lib/tinyusb/src/device/usbd_control.c.obj
                0x1000628c                usbd_control_reset
 .text.usbd_control_set_complete_callback
                0x100062a0        0xc CMakeFiles/test.dir/home/kippur/pico/pico-sdk/lib/tinyusb/src/device/usbd_control.c.obj
                0x100062a0                usbd_control_set_complete_callback
 .text.usbd_control_set_request
                0x100062ac       0x1c CMakeFiles/test.dir/home/kippur/pico/pico-sdk/lib/tinyusb/src/device/usbd_control.c.obj
                0x100062ac                usbd_control_set_request
 .text.usbd_control_xfer_cb
                0x100062c8       0xf4 CMakeFiles/test.dir/home/kippur/pico/pico-sdk/lib/tinyusb/src/device/usbd_control.c.obj
                0x100062c8                usbd_control_xfer_cb
 .text.tud_cdc_n_connected
                0x100063bc       0x30 CMakeFiles/test.dir/home/kippur/pico/pico-sdk/lib/tinyusb/src/class/cdc/cdc_device.c.obj
                0x100063bc                tud_cdc_n_connected
 .text.tud_cdc_n_available
                0x100063ec       0x18 CMakeFiles/test.dir/home/kippur/pico/pico-sdk/lib/tinyusb/src/class/cdc/cdc_device.c.obj
                0x100063ec                tud_cdc_n_available
 .text.tud_cdc_n_read
                0x10006404       0x70 CMakeFiles/test.dir/home/kippur/pico/pico-sdk/lib/tinyusb/src/class/cdc/cdc_device.c.obj
                0x10006404                tud_cdc_n_read
 .text.tud_cdc_n_write_flush
                0x10006474       0x78 CMakeFiles/test.dir/home/kippur/pico/pico-sdk/lib/tinyusb/src/class/cdc/cdc_device.c.obj
                0x10006474                tud_cdc_n_write_flush
 .text.tud_cdc_n_write
                0x100064ec       0x34 CMakeFiles/test.dir/home/kippur/pico/pico-sdk/lib/tinyusb/src/class/cdc/cdc_device.c.obj
                0x100064ec                tud_cdc_n_write
 .text.tud_cdc_n_write_available
                0x10006520       0x18 CMakeFiles/test.dir/home/kippur/pico/pico-sdk/lib/tinyusb/src/class/cdc/cdc_device.c.obj
                0x10006520                tud_cdc_n_write_available
 .text.cdcd_init
                0x10006538       0x7c CMakeFiles/test.dir/home/kippur/pico/pico-sdk/lib/tinyusb/src/class/cdc/cdc_device.c.obj
                0x10006538                cdcd_init
 .text.cdcd_reset
                0x100065b4       0x2c CMakeFiles/test.dir/home/kippur/pico/pico-sdk/lib/tinyusb/src/class/cdc/cdc_device.c.obj
                0x100065b4                cdcd_reset
 .text.cdcd_open
                0x100065e0       0xe4 CMakeFiles/test.dir/home/kippur/pico/pico-sdk/lib/tinyusb/src/class/cdc/cdc_device.c.obj
                0x100065e0                cdcd_open
 .text.cdcd_control_xfer_cb
                0x100066c4       0xe4 CMakeFiles/test.dir/home/kippur/pico/pico-sdk/lib/tinyusb/src/class/cdc/cdc_device.c.obj
                0x100066c4                cdcd_control_xfer_cb
 .text.cdcd_xfer_cb
                0x100067a8      0x13c CMakeFiles/test.dir/home/kippur/pico/pico-sdk/lib/tinyusb/src/class/cdc/cdc_device.c.obj
                0x100067a8                cdcd_xfer_cb
 .text.tusb_init
                0x100068e4        0xc CMakeFiles/test.dir/home/kippur/pico/pico-sdk/lib/tinyusb/src/tusb.c.obj
                0x100068e4                tusb_init
 .text.tusb_inited
                0x100068f0        0x8 CMakeFiles/test.dir/home/kippur/pico/pico-sdk/lib/tinyusb/src/tusb.c.obj
                0x100068f0                tusb_inited
 .text.tu_edpt_claim
                0x100068f8       0x50 CMakeFiles/test.dir/home/kippur/pico/pico-sdk/lib/tinyusb/src/tusb.c.obj
                0x100068f8                tu_edpt_claim
 .text.tu_edpt_release
                0x10006948       0x38 CMakeFiles/test.dir/home/kippur/pico/pico-sdk/lib/tinyusb/src/tusb.c.obj
                0x10006948                tu_edpt_release
 .text.tu_edpt_validate
                0x10006980       0x7c CMakeFiles/test.dir/home/kippur/pico/pico-sdk/lib/tinyusb/src/tusb.c.obj
                0x10006980                tu_edpt_validate
 .text.tu_edpt_bind_driver
                0x100069fc       0x34 CMakeFiles/test.dir/home/kippur/pico/pico-sdk/lib/tinyusb/src/tusb.c.obj
                0x100069fc                tu_edpt_bind_driver
 .text.tu_fifo_config
                0x10006a30       0x6c CMakeFiles/test.dir/home/kippur/pico/pico-sdk/lib/tinyusb/src/common/tusb_fifo.c.obj
                0x10006a30                tu_fifo_config
 .text.tu_fifo_count
                0x10006a9c       0x2c CMakeFiles/test.dir/home/kippur/pico/pico-sdk/lib/tinyusb/src/common/tusb_fifo.c.obj
                0x10006a9c                tu_fifo_count
 .text.tu_fifo_empty
                0x10006ac8       0x10 CMakeFiles/test.dir/home/kippur/pico/pico-sdk/lib/tinyusb/src/common/tusb_fifo.c.obj
                0x10006ac8                tu_fifo_empty
 .text.tu_fifo_remaining
                0x10006ad8       0x2c CMakeFiles/test.dir/home/kippur/pico/pico-sdk/lib/tinyusb/src/common/tusb_fifo.c.obj
                0x10006ad8                tu_fifo_remaining
 .text.tu_fifo_read
                0x10006b04       0x9c CMakeFiles/test.dir/home/kippur/pico/pico-sdk/lib/tinyusb/src/common/tusb_fifo.c.obj
                0x10006b04                tu_fifo_read
 .text.tu_fifo_read_n
                0x10006ba0       0xe8 CMakeFiles/test.dir/home/kippur/pico/pico-sdk/lib/tinyusb/src/common/tusb_fifo.c.obj
                0x10006ba0                tu_fifo_read_n
 .text.tu_fifo_write
                0x10006c88       0x88 CMakeFiles/test.dir/home/kippur/pico/pico-sdk/lib/tinyusb/src/common/tusb_fifo.c.obj
                0x10006c88                tu_fifo_write
 .text.tu_fifo_write_n
                0x10006d10      0x170 CMakeFiles/test.dir/home/kippur/pico/pico-sdk/lib/tinyusb/src/common/tusb_fifo.c.obj
                0x10006d10                tu_fifo_write_n
 .text.tu_fifo_clear
                0x10006e80       0x40 CMakeFiles/test.dir/home/kippur/pico/pico-sdk/lib/tinyusb/src/common/tusb_fifo.c.obj
                0x10006e80                tu_fifo_clear
 .text.tu_fifo_set_overwritable
                0x10006ec0       0x48 CMakeFiles/test.dir/home/kippur/pico/pico-sdk/lib/tinyusb/src/common/tusb_fifo.c.obj
                0x10006ec0                tu_fifo_set_overwritable
 .text.adc_init
                0x10006f08       0x38 CMakeFiles/test.dir/home/kippur/pico/pico-sdk/src/rp2_common/hardware_adc/adc.c.obj
                0x10006f08                adc_init
 .text          0x10006f40       0x18 /usr/lib/gcc/arm-none-eabi/12.2.1/../../../arm-none-eabi/lib/thumb/v6-m/nofp/libc.a(lib_a-atoi.o)
                0x10006f40                atoi
                0x10006f4c                _atoi_r
 .text          0x10006f58       0x5c /usr/lib/gcc/arm-none-eabi/12.2.1/../../../arm-none-eabi/lib/thumb/v6-m/nofp/libc.a(lib_a-callocr.o)
                0x10006f58                _calloc_r
 .text          0x10006fb4      0x574 /usr/lib/gcc/arm-none-eabi/12.2.1/../../../arm-none-eabi/lib/thumb/v6-m/nofp/libc.a(lib_a-mallocr.o)
                0x10006fb4                _malloc_r
 .text          0x10007528        0x8 /usr/lib/gcc/arm-none-eabi/12.2.1/../../../arm-none-eabi/lib/thumb/v6-m/nofp/libc.a(lib_a-mlock.o)
                0x10007528                __malloc_lock
                0x1000752c                __malloc_unlock
 .text          0x10007530      0x354 /usr/lib/gcc/arm-none-eabi/12.2.1/../../../arm-none-eabi/lib/thumb/v6-m/nofp/libc.a(lib_a-reallocr.o)
                0x10007530                _realloc_r
 .text          0x10007884       0x24 /usr/lib/gcc/arm-none-eabi/12.2.1/../../../arm-none-eabi/lib/thumb/v6-m/nofp/libc.a(lib_a-sbrkr.o)
                0x10007884                _sbrk_r
 .text          0x100078a8       0x40 /usr/lib/gcc/arm-none-eabi/12.2.1/../../../arm-none-eabi/lib/thumb/v6-m/nofp/libc.a(lib_a-scanf.o)
                0x100078a8                scanf
                0x100078cc                _scanf_r
 .text          0x100078e8       0x5c /usr/lib/gcc/arm-none-eabi/12.2.1/../../../arm-none-eabi/lib/thumb/v6-m/nofp/libc.a(lib_a-strlen-stub.o)
                0x100078e8                strlen
 .text          0x10007944       0x74 /usr/lib/gcc/arm-none-eabi/12.2.1/../../../arm-none-eabi/lib/thumb/v6-m/nofp/libc.a(lib_a-strncmp.o)
                0x10007944                strncmp
 .text          0x100079b8      0x1b8 /usr/lib/gcc/arm-none-eabi/12.2.1/../../../arm-none-eabi/lib/thumb/v6-m/nofp/libc.a(lib_a-strtol.o)
                0x10007afc                _strtol_r
                0x10007b18                strtol_l
                0x10007b44                strtol
 .text          0x10007b70      0xfe0 /usr/lib/gcc/arm-none-eabi/12.2.1/../../../arm-none-eabi/lib/thumb/v6-m/nofp/libc.a(lib_a-vfscanf.o)
                0x10007b70                __svfscanf_r
                0x10008ae0                vfscanf
                0x10008b10                __svfscanf
                0x10008b28                _vfscanf_r
 .text          0x10008b50        0xc /usr/lib/gcc/arm-none-eabi/12.2.1/../../../arm-none-eabi/lib/thumb/v6-m/nofp/libc.a(lib_a-errno.o)
                0x10008b50                __errno
 .text          0x10008b5c      0x248 /usr/lib/gcc/arm-none-eabi/12.2.1/../../../arm-none-eabi/lib/thumb/v6-m/nofp/libc.a(lib_a-findfp.o)
                0x10008b60                _cleanup_r
                0x10008c5c                __sfmoreglue
                0x10008c8c                __sfp
                0x10008d3c                _cleanup
                0x10008d54                __sinit
                0x10008d64                __sfp_lock_acquire
                0x10008d68                __sfp_lock_release
                0x10008d6c                __sinit_lock_acquire
                0x10008d70                __sinit_lock_release
                0x10008d74                __fp_lock_all
                0x10008d8c                __fp_unlock_all
 .text          0x10008da4      0x190 /usr/lib/gcc/arm-none-eabi/12.2.1/../../../arm-none-eabi/lib/thumb/v6-m/nofp/libc.a(lib_a-fread.o)
                0x10008da4                _fread_r
                0x10008f14                fread
 .text          0x10008f34      0x260 /usr/lib/gcc/arm-none-eabi/12.2.1/../../../arm-none-eabi/lib/thumb/v6-m/nofp/libc.a(lib_a-freer.o)
                0x10008f34                _malloc_trim_r
                0x10008fd0                _free_r
 .text          0x10009194       0x88 /usr/lib/gcc/arm-none-eabi/12.2.1/../../../arm-none-eabi/lib/thumb/v6-m/nofp/libc.a(lib_a-fwalk.o)
                0x10009194                _fwalk
                0x100091d4                _fwalk_reent
 .text          0x1000921c        0xc /usr/lib/gcc/arm-none-eabi/12.2.1/../../../arm-none-eabi/lib/thumb/v6-m/nofp/libc.a(lib_a-iswspace.o)
                0x1000921c                iswspace
 .text          0x10009228       0x18 /usr/lib/gcc/arm-none-eabi/12.2.1/../../../arm-none-eabi/lib/thumb/v6-m/nofp/libc.a(lib_a-iswspace_l.o)
                0x10009228                iswspace_l
 .text          0x10009240       0x98 /usr/lib/gcc/arm-none-eabi/12.2.1/../../../arm-none-eabi/lib/thumb/v6-m/nofp/libc.a(lib_a-locale.o)
                0x10009240                _setlocale_r
                0x10009284                __locale_mb_cur_max
                0x10009294                setlocale
 .text          0x100092d8       0x14 /usr/lib/gcc/arm-none-eabi/12.2.1/../../../arm-none-eabi/lib/thumb/v6-m/nofp/libc.a(lib_a-localeconv.o)
                0x100092d8                __localeconv_l
                0x100092dc                _localeconv_r
                0x100092e4                localeconv
 .text          0x100092ec       0x9c /usr/lib/gcc/arm-none-eabi/12.2.1/../../../arm-none-eabi/lib/thumb/v6-m/nofp/libc.a(lib_a-mbrtowc.o)
                0x100092ec                _mbrtowc_r
                0x10009338                mbrtowc
 .text          0x10009388       0x44 /usr/lib/gcc/arm-none-eabi/12.2.1/../../../arm-none-eabi/lib/thumb/v6-m/nofp/libc.a(lib_a-mbtowc_r.o)
                0x10009388                _mbtowc_r
                0x100093a0                __ascii_mbtowc
 .text          0x100093cc      0x140 /usr/lib/gcc/arm-none-eabi/12.2.1/../../../arm-none-eabi/lib/thumb/v6-m/nofp/libc.a(lib_a-refill.o)
                0x100093e8                __srefill_r
 .text          0x1000950c       0x80 /usr/lib/gcc/arm-none-eabi/12.2.1/../../../arm-none-eabi/lib/thumb/v6-m/nofp/libc.a(lib_a-sccl.o)
                0x1000950c                __sccl
 .text          0x1000958c        0x8 /usr/lib/gcc/arm-none-eabi/12.2.1/../../../arm-none-eabi/lib/thumb/v6-m/nofp/libc.a(lib_a-sf_nan.o)
                0x1000958c                nanf
 .text          0x10009594       0xa4 /usr/lib/gcc/arm-none-eabi/12.2.1/../../../arm-none-eabi/lib/thumb/v6-m/nofp/libc.a(lib_a-stdio.o)
                0x10009594                __sread
                0x100095bc                __seofread
                0x100095c0                __swrite
                0x10009600                __sseek
                0x1000962c                __sclose
 .text          0x10009638       0x88 /usr/lib/gcc/arm-none-eabi/12.2.1/../../../arm-none-eabi/lib/thumb/v6-m/nofp/libc.a(lib_a-strcmp.o)
                0x10009638                strcmp
 .text          0x100096c0     0x1128 /usr/lib/gcc/arm-none-eabi/12.2.1/../../../arm-none-eabi/lib/thumb/v6-m/nofp/libc.a(lib_a-strtod.o)
                0x100096c0                _strtod_l
                0x1000a640                _strtod_r
                0x1000a650                strtod_l
                0x1000a668                strtod
                0x1000a684                strtof_l
                0x1000a734                strtof
 .text          0x1000a7e8      0x1d0 /usr/lib/gcc/arm-none-eabi/12.2.1/../../../arm-none-eabi/lib/thumb/v6-m/nofp/libc.a(lib_a-strtoll.o)
                0x1000a980                _strtoll_r
                0x1000a988                strtoll_l
                0x1000a9a0                strtoll
 .text          0x1000a9b8      0x180 /usr/lib/gcc/arm-none-eabi/12.2.1/../../../arm-none-eabi/lib/thumb/v6-m/nofp/libc.a(lib_a-strtoul.o)
                0x1000ab00                _strtoul_r
                0x1000ab08                strtoul_l
                0x1000ab20                strtoul
 .text          0x1000ab38      0x1f4 /usr/lib/gcc/arm-none-eabi/12.2.1/../../../arm-none-eabi/lib/thumb/v6-m/nofp/libc.a(lib_a-strtoull.o)
                0x1000acf4                _strtoull_r
                0x1000acfc                strtoull_l
                0x1000ad14                strtoull
 .text          0x1000ad2c      0x188 /usr/lib/gcc/arm-none-eabi/12.2.1/../../../arm-none-eabi/lib/thumb/v6-m/nofp/libc.a(lib_a-ungetc.o)
                0x1000ad2c                __submore
                0x1000adb0                _ungetc_r
                0x1000ae9c                ungetc
 .text          0x1000aeb4       0x2c /usr/lib/gcc/arm-none-eabi/12.2.1/../../../arm-none-eabi/lib/thumb/v6-m/nofp/libc.a(lib_a-wctomb_r.o)
                0x1000aeb4                _wctomb_r
                0x1000aec4                __ascii_wctomb
 .text          0x1000aee0       0x28 /usr/lib/gcc/arm-none-eabi/12.2.1/../../../arm-none-eabi/lib/thumb/v6-m/nofp/libc.a(lib_a-writer.o)
                0x1000aee0                _write_r
 .text          0x1000af08       0x24 /usr/lib/gcc/arm-none-eabi/12.2.1/../../../arm-none-eabi/lib/thumb/v6-m/nofp/libc.a(lib_a-closer.o)
                0x1000af08                _close_r
 .text          0x1000af2c       0xe8 /usr/lib/gcc/arm-none-eabi/12.2.1/../../../arm-none-eabi/lib/thumb/v6-m/nofp/libc.a(lib_a-fclose.o)
                0x1000af9c                _fclose_r
                0x1000afd4                fclose
 .text          0x1000b014      0x1c0 /usr/lib/gcc/arm-none-eabi/12.2.1/../../../arm-none-eabi/lib/thumb/v6-m/nofp/libc.a(lib_a-fflush.o)
                0x1000b014                __sflush_r
                0x1000b154                _fflush_r
                0x1000b180                fflush
 .text          0x1000b1d4      0x670 /usr/lib/gcc/arm-none-eabi/12.2.1/../../../arm-none-eabi/lib/thumb/v6-m/nofp/libc.a(lib_a-gdtoa-gethex.o)
                0x1000b278                __gethex
 .text          0x1000b844      0x1fc /usr/lib/gcc/arm-none-eabi/12.2.1/../../../arm-none-eabi/lib/thumb/v6-m/nofp/libc.a(lib_a-gdtoa-hexnan.o)
                0x1000b844                __match
                0x1000b870                __hexnan
 .text          0x1000ba40       0x28 /usr/lib/gcc/arm-none-eabi/12.2.1/../../../arm-none-eabi/lib/thumb/v6-m/nofp/libc.a(lib_a-lseekr.o)
                0x1000ba40                _lseek_r
 .text          0x1000ba68      0x144 /usr/lib/gcc/arm-none-eabi/12.2.1/../../../arm-none-eabi/lib/thumb/v6-m/nofp/libc.a(lib_a-makebuf.o)
                0x1000ba68                __smakebuf_r
                0x1000bb4c                __swhatbuf_r
 .text          0x1000bbac      0xafc /usr/lib/gcc/arm-none-eabi/12.2.1/../../../arm-none-eabi/lib/thumb/v6-m/nofp/libc.a(lib_a-mprec.o)
                0x1000bbac                _Balloc
                0x1000bbfc                _Bfree
                0x1000bc10                __multadd
                0x1000bcb8                __s2b
                0x1000bd68                __hi0bits
                0x1000bda0                __lo0bits
                0x1000bdfc                __i2b
                0x1000be5c                __multiply
                0x1000c000                __pow5mult
                0x1000c0d8                __lshift
                0x1000c1d4                __mcmp
                0x1000c208                __mdiff
                0x1000c394                __ulp
                0x1000c3dc                __b2d
                0x1000c4a4                __d2b
                0x1000c57c                __ratio
                0x1000c5e4                _mprec_log10
                0x1000c618                __copybits
                0x1000c658                __any_on
 .text          0x1000c6a8       0x28 /usr/lib/gcc/arm-none-eabi/12.2.1/../../../arm-none-eabi/lib/thumb/v6-m/nofp/libc.a(lib_a-readr.o)
                0x1000c6a8                _read_r
 .text          0x1000c6d0        0xc /usr/lib/gcc/arm-none-eabi/12.2.1/../../../arm-none-eabi/lib/thumb/v6-m/nofp/libc.a(lib_a-s_nan.o)
                0x1000c6d0                nan
 .text          0x1000c6dc       0x28 /usr/lib/gcc/arm-none-eabi/12.2.1/../../../arm-none-eabi/lib/thumb/v6-m/nofp/libc.a(lib_a-fstatr.o)
                0x1000c6dc                _fstat_r
 .text          0x1000c704       0x24 /usr/lib/gcc/arm-none-eabi/12.2.1/../../../arm-none-eabi/lib/thumb/v6-m/nofp/libc.a(lib_a-isattyr.o)
                0x1000c704                _isatty_r
 *(.fini)
 .fini          0x1000c728        0x4 /usr/lib/gcc/arm-none-eabi/12.2.1/thumb/v6-m/nofp/crti.o
                0x1000c728                _fini
 *fill*         0x1000c72c        0x4 
 .fini.__stub   0x1000c730       0xd0 linker stubs
 *crtbegin.o(.ctors)
 *crtbegin?.o(.ctors)
 *(EXCLUDE_FILE(*crtend.o *crtend?.o) .ctors)
 *(SORT_BY_NAME(.ctors.*))
 *(.ctors)
 *crtbegin.o(.dtors)
 *crtbegin?.o(.dtors)
 *(EXCLUDE_FILE(*crtend.o *crtend?.o) .dtors)
 *(SORT_BY_NAME(.dtors.*))
 *(.dtors)
 *(.eh_frame*)
 .eh_frame      0x1000c800        0x0 /usr/lib/gcc/arm-none-eabi/12.2.1/thumb/v6-m/nofp/crtbegin.o
                0x1000c800                        . = ALIGN (0x4)

.glue_7         0x1000c800        0x0
 .glue_7        0x1000c800        0x0 linker stubs

.glue_7t        0x1000c800        0x0
 .glue_7t       0x1000c800        0x0 linker stubs

.vfp11_veneer   0x1000c800        0x0
 .vfp11_veneer  0x1000c800        0x0 linker stubs

.v4_bx          0x1000c800        0x0
 .v4_bx         0x1000c800        0x0 linker stubs

.iplt           0x1000c800        0x0
 .iplt          0x1000c800        0x0 /usr/lib/gcc/arm-none-eabi/12.2.1/thumb/v6-m/nofp/crtbegin.o

.rodata         0x1000c800      0xe68
 *(EXCLUDE_FILE(*libm.a: *libc.a:*lib_a-mem*.o *libgcc.a:) .rodata*)
 .rodata.main.str1.4
                0x1000c800        0xf CMakeFiles/test.dir/test.c.obj
 *fill*         0x1000c80f        0x1 
 .rodata.spin_lock_claim_unused.str1.4
                0x1000c810       0x1b CMakeFiles/test.dir/home/kippur/pico/pico-sdk/src/rp2_common/hardware_sync/sync.c.obj
 *fill*         0x1000c82b        0x1 
 .rodata.user_irq_claim_unused.str1.4
                0x1000c82c       0x1b CMakeFiles/test.dir/home/kippur/pico/pico-sdk/src/rp2_common/hardware_irq/irq.c.obj
 *fill*         0x1000c847        0x1 
 .rodata.at_the_end_of_time
                0x1000c848        0x8 CMakeFiles/test.dir/home/kippur/pico/pico-sdk/src/common/pico_time/time.c.obj
                0x1000c848                at_the_end_of_time
 .rodata.hardware_alarm_claim.str1.4
                0x1000c850       0x22 CMakeFiles/test.dir/home/kippur/pico/pico-sdk/src/rp2_common/hardware_timer/timer.c.obj
 *fill*         0x1000c872        0x2 
 .rodata.__assert_func.str1.4
                0x1000c874       0x3f CMakeFiles/test.dir/home/kippur/pico/pico-sdk/src/rp2_common/pico_runtime/runtime.c.obj
                                 0x43 (size before relaxing)
 *fill*         0x1000c8b3        0x1 
 .rodata.panic.str1.4
                0x1000c8b4       0x12 CMakeFiles/test.dir/home/kippur/pico/pico-sdk/src/rp2_common/pico_runtime/runtime.c.obj
 *fill*         0x1000c8c6        0x2 
 .rodata.hard_assertion_failure.str1.4
                0x1000c8c8        0xc CMakeFiles/test.dir/home/kippur/pico/pico-sdk/src/rp2_common/pico_runtime/runtime.c.obj
 .rodata._ftoa.str1.4
                0x1000c8d4       0x15 CMakeFiles/test.dir/home/kippur/pico/pico-sdk/src/rp2_common/pico_printf/printf.c.obj
 *fill*         0x1000c8e9        0x3 
 .rodata._vsnprintf
                0x1000c8ec      0x19c CMakeFiles/test.dir/home/kippur/pico/pico-sdk/src/rp2_common/pico_printf/printf.c.obj
 .rodata.pow10.0
                0x1000ca88       0x50 CMakeFiles/test.dir/home/kippur/pico/pico-sdk/src/rp2_common/pico_printf/printf.c.obj
 .rodata.missing_double_func_shim.str1.4
                0x1000cad8       0x18 CMakeFiles/test.dir/home/kippur/pico/pico-sdk/src/rp2_common/pico_double/double_init_rom.c.obj
 .rodata.missing_float_func_shim.str1.4
                0x1000caf0        0x1 CMakeFiles/test.dir/home/kippur/pico/pico-sdk/src/rp2_common/pico_float/float_init_rom.c.obj
 .rodata.str1.4
                0x1000caf0       0x3c CMakeFiles/test.dir/home/kippur/pico/pico-sdk/src/rp2_common/pico_standard_link/binary_info.c.obj
 .rodata.__bi_81
                0x1000cb2c        0xc CMakeFiles/test.dir/home/kippur/pico/pico-sdk/src/rp2_common/pico_standard_link/binary_info.c.obj
 .rodata.__bi_75
                0x1000cb38        0xc CMakeFiles/test.dir/home/kippur/pico/pico-sdk/src/rp2_common/pico_standard_link/binary_info.c.obj
 .rodata.__bi_44
                0x1000cb44        0xc CMakeFiles/test.dir/home/kippur/pico/pico-sdk/src/rp2_common/pico_standard_link/binary_info.c.obj
 .rodata.crlf_str.0
                0x1000cb50        0x2 CMakeFiles/test.dir/home/kippur/pico/pico-sdk/src/rp2_common/pico_stdio/stdio.c.obj
 *fill*         0x1000cb52        0x2 
 .rodata.str1.4
                0x1000cb54       0x2c CMakeFiles/test.dir/home/kippur/pico/pico-sdk/src/rp2_common/pico_stdio_uart/stdio_uart.c.obj
 .rodata.__bi_33.4
                0x1000cb80        0xc CMakeFiles/test.dir/home/kippur/pico/pico-sdk/src/rp2_common/pico_stdio_uart/stdio_uart.c.obj
 .rodata.__bi_34.5
                0x1000cb8c        0x8 CMakeFiles/test.dir/home/kippur/pico/pico-sdk/src/rp2_common/pico_stdio_uart/stdio_uart.c.obj
 .rodata._resetd_driver
                0x1000cb94       0x18 CMakeFiles/test.dir/home/kippur/pico/pico-sdk/src/rp2_common/pico_stdio_usb/reset_interface.c.obj
 .rodata.str1.4
                0x1000cbac       0x13 CMakeFiles/test.dir/home/kippur/pico/pico-sdk/src/rp2_common/pico_stdio_usb/stdio_usb.c.obj
 *fill*         0x1000cbbf        0x1 
 .rodata.__bi_182.0
                0x1000cbc0        0xc CMakeFiles/test.dir/home/kippur/pico/pico-sdk/src/rp2_common/pico_stdio_usb/stdio_usb.c.obj
 .rodata.str1.4
                0x1000cbcc       0x2a CMakeFiles/test.dir/home/kippur/pico/pico-sdk/src/rp2_common/pico_stdio_usb/stdio_usb_descriptors.c.obj
 *fill*         0x1000cbf6        0x2 
 .rodata.usbd_desc_str
                0x1000cbf8       0x18 CMakeFiles/test.dir/home/kippur/pico/pico-sdk/src/rp2_common/pico_stdio_usb/stdio_usb_descriptors.c.obj
 .rodata.usbd_desc_cfg
                0x1000cc10       0x54 CMakeFiles/test.dir/home/kippur/pico/pico-sdk/src/rp2_common/pico_stdio_usb/stdio_usb_descriptors.c.obj
 .rodata.usbd_desc_device
                0x1000cc64       0x12 CMakeFiles/test.dir/home/kippur/pico/pico-sdk/src/rp2_common/pico_stdio_usb/stdio_usb_descriptors.c.obj
 *fill*         0x1000cc76        0x2 
 .rodata.str1.4
                0x1000cc78       0x14 CMakeFiles/test.dir/home/kippur/pico/pico-sdk/lib/tinyusb/src/portable/raspberrypi/rp2040/dcd_rp2040.c.obj
 .rodata.str1.4
                0x1000cc8c       0x49 CMakeFiles/test.dir/home/kippur/pico/pico-sdk/lib/tinyusb/src/portable/raspberrypi/rp2040/rp2040_usb.c.obj
                                 0x53 (size before relaxing)
 *fill*         0x1000ccd5        0x3 
 .rodata.tud_task_ext
                0x1000ccd8       0x8c CMakeFiles/test.dir/home/kippur/pico/pico-sdk/lib/tinyusb/src/device/usbd.c.obj
 .rodata._usbd_driver
                0x1000cd64       0x18 CMakeFiles/test.dir/home/kippur/pico/pico-sdk/lib/tinyusb/src/device/usbd.c.obj
 .rodata        0x1000cd7c        0x4 /usr/lib/gcc/arm-none-eabi/12.2.1/../../../arm-none-eabi/lib/thumb/v6-m/nofp/libc.a(lib_a-impure.o)
                0x1000cd7c                _global_impure_ptr
 .rodata.str1.4
                0x1000cd80        0x5 /usr/lib/gcc/arm-none-eabi/12.2.1/../../../arm-none-eabi/lib/thumb/v6-m/nofp/libc.a(lib_a-vfscanf.o)
                                  0x9 (size before relaxing)
 *fill*         0x1000cd85        0x3 
 .rodata        0x1000cd88      0x3e6 /usr/lib/gcc/arm-none-eabi/12.2.1/../../../arm-none-eabi/lib/thumb/v6-m/nofp/libc.a(lib_a-vfscanf.o)
 *fill*         0x1000d16e        0x2 
 .rodata        0x1000d170      0x101 /usr/lib/gcc/arm-none-eabi/12.2.1/../../../arm-none-eabi/lib/thumb/v6-m/nofp/libc.a(lib_a-ctype_.o)
                0x1000d170                _ctype_
 *fill*         0x1000d271        0x3 
 .rodata.str1.4
                0x1000d274        0xa /usr/lib/gcc/arm-none-eabi/12.2.1/../../../arm-none-eabi/lib/thumb/v6-m/nofp/libc.a(lib_a-locale.o)
                                 0x12 (size before relaxing)
 .rodata.str1.4
                0x1000d27e        0x1 /usr/lib/gcc/arm-none-eabi/12.2.1/../../../arm-none-eabi/lib/thumb/v6-m/nofp/libc.a(lib_a-mbrtowc.o)
 *fill*         0x1000d27e        0x2 
 .rodata.str1.4
                0x1000d280        0xf /usr/lib/gcc/arm-none-eabi/12.2.1/../../../arm-none-eabi/lib/thumb/v6-m/nofp/libc.a(lib_a-strtod.o)
                                 0x11 (size before relaxing)
 *fill*         0x1000d28f        0x1 
 .rodata        0x1000d290      0x120 /usr/lib/gcc/arm-none-eabi/12.2.1/../../../arm-none-eabi/lib/thumb/v6-m/nofp/libc.a(lib_a-strtod.o)
 .rodata.str1.4
                0x1000d3b0       0x4e /usr/lib/gcc/arm-none-eabi/12.2.1/../../../arm-none-eabi/lib/thumb/v6-m/nofp/libc.a(lib_a-gdtoa-gethex.o)
 *fill*         0x1000d3fe        0x2 
 .rodata        0x1000d400      0x100 /usr/lib/gcc/arm-none-eabi/12.2.1/../../../arm-none-eabi/lib/thumb/v6-m/nofp/libc.a(lib_a-gdtoa-gethex.o)
                0x1000d400                __hexdig
 .rodata.str1.4
                0x1000d500        0x5 /usr/lib/gcc/arm-none-eabi/12.2.1/../../../arm-none-eabi/lib/thumb/v6-m/nofp/libc.a(lib_a-lnumeric.o)
 .rodata        0x1000d500        0xc /usr/lib/gcc/arm-none-eabi/12.2.1/../../../arm-none-eabi/lib/thumb/v6-m/nofp/libc.a(lib_a-lnumeric.o)
                0x1000d500                _C_numeric_locale
 .rodata.str1.4
                0x1000d50c       0x33 /usr/lib/gcc/arm-none-eabi/12.2.1/../../../arm-none-eabi/lib/thumb/v6-m/nofp/libc.a(lib_a-mprec.o)
                                 0x47 (size before relaxing)
 *fill*         0x1000d53f        0x1 
 .rodata        0x1000d540      0x128 /usr/lib/gcc/arm-none-eabi/12.2.1/../../../arm-none-eabi/lib/thumb/v6-m/nofp/libc.a(lib_a-mprec.o)
                0x1000d550                __mprec_tinytens
                0x1000d578                __mprec_bigtens
                0x1000d5a0                __mprec_tens
                0x1000d668                        . = ALIGN (0x4)
 *(SORT_BY_ALIGNMENT(SORT_BY_NAME(.flashdata*)))
                0x1000d668                        . = ALIGN (0x4)

.ARM.extab
 *(.ARM.extab* .gnu.linkonce.armextab.*)
                0x1000d668                        __exidx_start = .

.ARM.exidx
 *(.ARM.exidx* .gnu.linkonce.armexidx.*)
                0x1000d668                        __exidx_end = .
                0x1000d668                        . = ALIGN (0x4)
                0x1000d668                        __binary_info_start = .

.binary_info    0x1000d668       0x28
 *(.binary_info.keep.*)
 .binary_info.keep.__bi_ptr81
                0x1000d668        0x4 CMakeFiles/test.dir/home/kippur/pico/pico-sdk/src/rp2_common/pico_standard_link/binary_info.c.obj
 .binary_info.keep.__bi_ptr75
                0x1000d66c        0x4 CMakeFiles/test.dir/home/kippur/pico/pico-sdk/src/rp2_common/pico_standard_link/binary_info.c.obj
 .binary_info.keep.__bi_ptr50
                0x1000d670        0x4 CMakeFiles/test.dir/home/kippur/pico/pico-sdk/src/rp2_common/pico_standard_link/binary_info.c.obj
 .binary_info.keep.__bi_ptr44
                0x1000d674        0x4 CMakeFiles/test.dir/home/kippur/pico/pico-sdk/src/rp2_common/pico_standard_link/binary_info.c.obj
 .binary_info.keep.__bi_ptr38
                0x1000d678        0x4 CMakeFiles/test.dir/home/kippur/pico/pico-sdk/src/rp2_common/pico_standard_link/binary_info.c.obj
 .binary_info.keep.__bi_ptr30
                0x1000d67c        0x4 CMakeFiles/test.dir/home/kippur/pico/pico-sdk/src/rp2_common/pico_standard_link/binary_info.c.obj
 .binary_info.keep.__bi_ptr22
                0x1000d680        0x4 CMakeFiles/test.dir/home/kippur/pico/pico-sdk/src/rp2_common/pico_standard_link/binary_info.c.obj
 *(.binary_info.*)
 .binary_info.__bi_ptr34
                0x1000d684        0x4 CMakeFiles/test.dir/home/kippur/pico/pico-sdk/src/rp2_common/pico_stdio_uart/stdio_uart.c.obj
 .binary_info.__bi_ptr33
                0x1000d688        0x4 CMakeFiles/test.dir/home/kippur/pico/pico-sdk/src/rp2_common/pico_stdio_uart/stdio_uart.c.obj
 .binary_info.__bi_ptr182
                0x1000d68c        0x4 CMakeFiles/test.dir/home/kippur/pico/pico-sdk/src/rp2_common/pico_stdio_usb/stdio_usb.c.obj
                0x1000d690                        __binary_info_end = .

.rel.dyn        0x1000d690        0x0
 .rel.iplt      0x1000d690        0x0 /usr/lib/gcc/arm-none-eabi/12.2.1/thumb/v6-m/nofp/crtbegin.o
                0x1000d690                        . = ALIGN (0x4)

.ram_vector_table
                0x20000000       0xc0
 *(.ram_vector_table)
 .ram_vector_table
                0x20000000       0xc0 CMakeFiles/test.dir/home/kippur/pico/pico-sdk/src/rp2_common/pico_runtime/runtime.c.obj
                0x20000000                ram_vector_table

.data           0x200000c0     0x18a8 load address 0x1000d690
                0x200000c0                        __data_start__ = .
 *(vtable)
 *(.time_critical*)
 .time_critical.mutex_try_enter
                0x200000c0       0x40 CMakeFiles/test.dir/home/kippur/pico/pico-sdk/src/common/pico_sync/mutex.c.obj
                0x200000c0                mutex_try_enter
 .time_critical.mutex_try_enter_block_until
                0x20000100       0x9c CMakeFiles/test.dir/home/kippur/pico/pico-sdk/src/common/pico_sync/mutex.c.obj
                0x20000100                mutex_try_enter_block_until
 .time_critical.mutex_enter_timeout_ms
                0x2000019c       0x90 CMakeFiles/test.dir/home/kippur/pico/pico-sdk/src/common/pico_sync/mutex.c.obj
                0x2000019c                mutex_enter_timeout_ms
 .time_critical.mutex_exit
                0x2000022c       0x28 CMakeFiles/test.dir/home/kippur/pico/pico-sdk/src/common/pico_sync/mutex.c.obj
                0x2000022c                mutex_exit
 .time_critical.flash_init_boot2_copyout
                0x20000254       0x30 CMakeFiles/test.dir/home/kippur/pico/pico-sdk/src/rp2_common/hardware_flash/flash.c.obj
 .time_critical.flash_enable_xip_via_boot2
                0x20000284        0xc CMakeFiles/test.dir/home/kippur/pico/pico-sdk/src/rp2_common/hardware_flash/flash.c.obj
 .time_critical.flash_cs_force
                0x20000290       0x38 CMakeFiles/test.dir/home/kippur/pico/pico-sdk/src/rp2_common/hardware_flash/flash.c.obj
 .time_critical.flash_do_cmd
                0x200002c8       0xc0 CMakeFiles/test.dir/home/kippur/pico/pico-sdk/src/rp2_common/hardware_flash/flash.c.obj
                0x200002c8                flash_do_cmd
 .time_critical.reset_non_control_endpoints
                0x20000388       0x68 CMakeFiles/test.dir/home/kippur/pico/pico-sdk/lib/tinyusb/src/portable/raspberrypi/rp2040/dcd_rp2040.c.obj
 .time_critical.hw_handle_buff_status
                0x200003f0       0xac CMakeFiles/test.dir/home/kippur/pico/pico-sdk/lib/tinyusb/src/portable/raspberrypi/rp2040/dcd_rp2040.c.obj
 .time_critical.dcd_rp2040_irq
                0x2000049c      0x510 CMakeFiles/test.dir/home/kippur/pico/pico-sdk/lib/tinyusb/src/portable/raspberrypi/rp2040/dcd_rp2040.c.obj
 .time_critical.e15_is_bulkin_ep
                0x200009ac       0x28 CMakeFiles/test.dir/home/kippur/pico/pico-sdk/lib/tinyusb/src/portable/raspberrypi/rp2040/rp2040_usb.c.obj
 .time_critical.e15_is_critical_frame_period
                0x200009d4       0x34 CMakeFiles/test.dir/home/kippur/pico/pico-sdk/lib/tinyusb/src/portable/raspberrypi/rp2040/rp2040_usb.c.obj
 .time_critical.prepare_ep_buffer
                0x20000a08       0x6c CMakeFiles/test.dir/home/kippur/pico/pico-sdk/lib/tinyusb/src/portable/raspberrypi/rp2040/rp2040_usb.c.obj
 .time_critical.sync_ep_buffer
                0x20000a74       0x48 CMakeFiles/test.dir/home/kippur/pico/pico-sdk/lib/tinyusb/src/portable/raspberrypi/rp2040/rp2040_usb.c.obj
 .time_critical._hw_endpoint_xfer_sync
                0x20000abc       0x28 CMakeFiles/test.dir/home/kippur/pico/pico-sdk/lib/tinyusb/src/portable/raspberrypi/rp2040/rp2040_usb.c.obj
 .time_critical.hw_endpoint_reset_transfer
                0x20000ae4        0xc CMakeFiles/test.dir/home/kippur/pico/pico-sdk/lib/tinyusb/src/portable/raspberrypi/rp2040/rp2040_usb.c.obj
                0x20000ae4                hw_endpoint_reset_transfer
 .time_critical._hw_endpoint_buffer_control_update32
                0x20000af0       0x58 CMakeFiles/test.dir/home/kippur/pico/pico-sdk/lib/tinyusb/src/portable/raspberrypi/rp2040/rp2040_usb.c.obj
                0x20000af0                _hw_endpoint_buffer_control_update32
 .time_critical.hw_endpoint_start_next_buffer
                0x20000b48       0x6c CMakeFiles/test.dir/home/kippur/pico/pico-sdk/lib/tinyusb/src/portable/raspberrypi/rp2040/rp2040_usb.c.obj
                0x20000b48                hw_endpoint_start_next_buffer
 .time_critical.hw_endpoint_xfer_continue
                0x20000bb4       0x50 CMakeFiles/test.dir/home/kippur/pico/pico-sdk/lib/tinyusb/src/portable/raspberrypi/rp2040/rp2040_usb.c.obj
                0x20000bb4                hw_endpoint_xfer_continue
 .time_critical.tinyusb
                0x20000c04      0x170 CMakeFiles/test.dir/home/kippur/pico/pico-sdk/lib/tinyusb/src/device/usbd.c.obj
                0x20000c04                dcd_event_handler
 *(.text*)
 .text          0x20000d74        0x4 /usr/lib/gcc/arm-none-eabi/12.2.1/thumb/v6-m/nofp/libgcc.a(_dvmd_tls.o)
                0x20000d74                __aeabi_ldiv0
                0x20000d74                __aeabi_idiv0
 .text          0x20000d78       0xac /usr/lib/gcc/arm-none-eabi/12.2.1/../../../arm-none-eabi/lib/thumb/v6-m/nofp/libc.a(lib_a-memmove.o)
                0x20000d78                memmove
 *fill*         0x20000e24        0x4 
 .text.__stub   0x20000e28       0x70 linker stubs
                0x20000e98                        . = ALIGN (0x4)
 *(.rodata*)
                0x20000e98                        . = ALIGN (0x4)
 *(.data*)
 .data.maxValue
                0x20000e98        0x4 CMakeFiles/test.dir/test.c.obj
                0x20000e98                maxValue
 .data.caso     0x20000e9c        0x4 CMakeFiles/test.dir/test.c.obj
                0x20000e9c                caso
 .data.estado   0x20000ea0        0x4 CMakeFiles/test.dir/test.c.obj
                0x20000ea0                estado
 .data.wrap     0x20000ea4        0x4 CMakeFiles/test.dir/servo.c.obj
                0x20000ea4                wrap
 .data.clockDiv
                0x20000ea8        0x4 CMakeFiles/test.dir/servo.c.obj
                0x20000ea8                clockDiv
 .data.striped_spin_lock_num
                0x20000eac        0x1 CMakeFiles/test.dir/home/kippur/pico/pico-sdk/src/rp2_common/hardware_sync/sync.c.obj
 *fill*         0x20000ead        0x3 
 .data          0x20000eb0       0x48 CMakeFiles/test.dir/home/kippur/pico/pico-sdk/src/rp2_common/hardware_irq/irq_handler_chain.S.obj
                0x20000eb0                irq_handler_chain_slots
                0x20000ee0                irq_handler_chain_first_slot
                0x20000eea                irq_handler_chain_remove_tail
 .data.default_alarm_pool
                0x20000ef8       0x18 CMakeFiles/test.dir/home/kippur/pico/pico-sdk/src/common/pico_time/time.c.obj
 .data.default_alarm_pool_heap
                0x20000f10       0x10 CMakeFiles/test.dir/home/kippur/pico/pico-sdk/src/common/pico_time/time.c.obj
 *fill*         0x20000f20        0x0 
 .data.aeabi_bits_funcs
                0x20000f20       0x10 CMakeFiles/test.dir/home/kippur/pico/pico-sdk/src/rp2_common/pico_bit_ops/bit_ops_aeabi.S.obj
                0x20000f20                aeabi_bits_funcs
                0x20000f30                aeabi_bits_funcs_end
 .data.aeabi_mem_funcs
                0x20000f30       0x10 CMakeFiles/test.dir/home/kippur/pico/pico-sdk/src/rp2_common/pico_mem_ops/mem_ops_aeabi.S.obj
                0x20000f30                aeabi_mem_funcs
                0x20000f40                aeabi_mem_funcs_end
 .data.stdio_uart
                0x20000f40       0x18 CMakeFiles/test.dir/home/kippur/pico/pico-sdk/src/rp2_common/pico_stdio_uart/stdio_uart.c.obj
                0x20000f40                stdio_uart
 .data.stdio_usb
                0x20000f58       0x18 CMakeFiles/test.dir/home/kippur/pico/pico-sdk/src/rp2_common/pico_stdio_usb/stdio_usb.c.obj
                0x20000f58                stdio_usb
 .data.ep_dir_string
                0x20000f70        0x8 CMakeFiles/test.dir/home/kippur/pico/pico-sdk/lib/tinyusb/src/portable/raspberrypi/rp2040/rp2040_usb.c.obj
                0x20000f70                ep_dir_string
 .data._usbd_qdef
                0x20000f78       0x1c CMakeFiles/test.dir/home/kippur/pico/pico-sdk/lib/tinyusb/src/device/usbd.c.obj
                0x20000f78                _usbd_qdef
 .data._usbd_rhport
                0x20000f94        0x1 CMakeFiles/test.dir/home/kippur/pico/pico-sdk/lib/tinyusb/src/device/usbd.c.obj
 *fill*         0x20000f95        0x3 
 .data          0x20000f98      0x430 /usr/lib/gcc/arm-none-eabi/12.2.1/../../../arm-none-eabi/lib/thumb/v6-m/nofp/libc.a(lib_a-impure.o)
                0x20000f98                _impure_ptr
 .data          0x200013c8      0x410 /usr/lib/gcc/arm-none-eabi/12.2.1/../../../arm-none-eabi/lib/thumb/v6-m/nofp/libc.a(lib_a-mallocr.o)
                0x200013c8                __malloc_sbrk_base
                0x200013cc                __malloc_trim_threshold
                0x200013d0                __malloc_av_
 .data          0x200017d8      0x16c /usr/lib/gcc/arm-none-eabi/12.2.1/../../../arm-none-eabi/lib/thumb/v6-m/nofp/libc.a(lib_a-locale.o)
                0x200017d8                __global_locale
 .data          0x20001944        0x2 /usr/lib/gcc/arm-none-eabi/12.2.1/../../../arm-none-eabi/lib/thumb/v6-m/nofp/libc.a(lib_a-lnumeric.o)
                0x20001948                        . = ALIGN (0x4)
 *fill*         0x20001946        0x2 
 *(.after_data.*)
                0x20001948                        . = ALIGN (0x4)
                0x20001948                        PROVIDE (__mutex_array_start = .)
 *(SORT_BY_NAME(.mutex_array.*))
 *(.mutex_array)
 .mutex_array   0x20001948        0x8 CMakeFiles/test.dir/home/kippur/pico/pico-sdk/src/rp2_common/pico_stdio/stdio.c.obj
                0x20001950                        PROVIDE (__mutex_array_end = .)
                0x20001950                        . = ALIGN (0x4)
                0x20001950                        PROVIDE (__preinit_array_start = .)
 *(SORT_BY_NAME(.preinit_array.*))
 .preinit_array.00001
                0x20001950        0x4 CMakeFiles/test.dir/home/kippur/pico/pico-sdk/src/rp2_common/pico_mem_ops/mem_ops_aeabi.S.obj
 .preinit_array.00010
                0x20001954        0x4 CMakeFiles/test.dir/home/kippur/pico/pico-sdk/src/rp2_common/pico_bit_ops/bit_ops_aeabi.S.obj
 .preinit_array.00020
                0x20001958        0x4 CMakeFiles/test.dir/home/kippur/pico/pico-sdk/src/rp2_common/pico_double/double_aeabi.S.obj
 .preinit_array.00020
                0x2000195c        0x4 CMakeFiles/test.dir/home/kippur/pico/pico-sdk/src/rp2_common/pico_float/float_aeabi.S.obj
 *(.preinit_array)
                0x20001960                        PROVIDE (__preinit_array_end = .)
                0x20001960                        . = ALIGN (0x4)
                0x20001960                        PROVIDE (__init_array_start = .)
 *(SORT_BY_NAME(.init_array.*))
 *(.init_array)
 .init_array    0x20001960        0x4 /usr/lib/gcc/arm-none-eabi/12.2.1/thumb/v6-m/nofp/crtbegin.o
 .init_array    0x20001964        0x4 CMakeFiles/test.dir/home/kippur/pico/pico-sdk/src/rp2_common/pico_unique_id/unique_id.c.obj
                0x20001968                        PROVIDE (__init_array_end = .)
                0x20001968                        . = ALIGN (0x4)
                0x20001968                        PROVIDE (__fini_array_start = .)
 *(SORT_BY_NAME(.fini_array.*))
 *(.fini_array)
                0x20001968                        PROVIDE (__fini_array_end = .)
 *(.jcr)
                0x20001968                        . = ALIGN (0x4)
                0x20001968                        __data_end__ = .
                0x1000d690                        __etext = LOADADDR (.data)

.tm_clone_table
                0x20001968        0x0 load address 0x1000ef38
 .tm_clone_table
                0x20001968        0x0 /usr/lib/gcc/arm-none-eabi/12.2.1/thumb/v6-m/nofp/crtbegin.o
 .tm_clone_table
                0x20001968        0x0 /usr/lib/gcc/arm-none-eabi/12.2.1/thumb/v6-m/nofp/crtend.o

.igot.plt       0x20001968        0x0 load address 0x1000ef38
 .igot.plt      0x20001968        0x0 /usr/lib/gcc/arm-none-eabi/12.2.1/thumb/v6-m/nofp/crtbegin.o

.uninitialized_data
                0x20001968        0x0 load address 0x1000ef38
                0x20001968                        . = ALIGN (0x4)
 *(.uninitialized_data*)

.scratch_x      0x20040000        0x0 load address 0x1000ef38
                0x20040000                        __scratch_x_start__ = .
 *(.scratch_x.*)
                0x20040000                        . = ALIGN (0x4)
                0x20040000                        __scratch_x_end__ = .
                0x1000ef38                        __scratch_x_source__ = LOADADDR (.scratch_x)

.scratch_y      0x20041000        0x0 load address 0x1000ef38
                0x20041000                        __scratch_y_start__ = .
 *(.scratch_y.*)
                0x20041000                        . = ALIGN (0x4)
                0x20041000                        __scratch_y_end__ = .
                0x1000ef38                        __scratch_y_source__ = LOADADDR (.scratch_y)

.bss            0x20001968      0xe0c
                0x20001968                        . = ALIGN (0x4)
                0x20001968                        __bss_start__ = .
 *(SORT_BY_ALIGNMENT(SORT_BY_NAME(.bss*)))
 .bss.configured_freq
                0x20001968       0x28 CMakeFiles/test.dir/home/kippur/pico/pico-sdk/src/rp2_common/hardware_clocks/clocks.c.obj
 .bss.default_alarm_pool_entries
                0x20001990      0x100 CMakeFiles/test.dir/home/kippur/pico/pico-sdk/src/common/pico_time/time.c.obj
 .bss.last_avail_time.1
                0x20001a90        0x8 CMakeFiles/test.dir/home/kippur/pico/pico-sdk/src/rp2_common/pico_stdio_usb/stdio_usb.c.obj
 .bss.sd_table  0x20001a98      0x100 CMakeFiles/test.dir/home/kippur/pico/pico-sdk/src/rp2_common/pico_double/double_init_rom.c.obj
                0x20001a98                sd_table
 .bss           0x20001b98       0x1c /usr/lib/gcc/arm-none-eabi/12.2.1/thumb/v6-m/nofp/crtbegin.o
 .bss           0x20001bb4       0x34 /usr/lib/gcc/arm-none-eabi/12.2.1/../../../arm-none-eabi/lib/thumb/v6-m/nofp/libc.a(lib_a-mallocr.o)
                0x20001bb4                __malloc_top_pad
                0x20001bb8                __malloc_current_mallinfo
                0x20001be0                __malloc_max_sbrked_mem
                0x20001be4                __malloc_max_total_mem
 .bss           0x20001be8        0x4 /usr/lib/gcc/arm-none-eabi/12.2.1/../../../arm-none-eabi/lib/thumb/v6-m/nofp/libc.a(lib_a-reent.o)
                0x20001be8                errno
 .bss._app_driver
                0x20001bec        0x4 CMakeFiles/test.dir/home/kippur/pico/pico-sdk/lib/tinyusb/src/device/usbd.c.obj
 .bss._cdcd_itf
                0x20001bf0      0x2c8 CMakeFiles/test.dir/home/kippur/pico/pico-sdk/lib/tinyusb/src/class/cdc/cdc_device.c.obj
 .bss._ctrl_xfer
                0x20001eb8       0x14 CMakeFiles/test.dir/home/kippur/pico/pico-sdk/lib/tinyusb/src/device/usbd_control.c.obj
 .bss._ubsd_mutexdef
                0x20001ecc        0x8 CMakeFiles/test.dir/home/kippur/pico/pico-sdk/lib/tinyusb/src/device/usbd.c.obj
 .bss._usbd_ctrl_buf
                0x20001ed4       0x40 CMakeFiles/test.dir/home/kippur/pico/pico-sdk/lib/tinyusb/src/device/usbd_control.c.obj
 .bss._usbd_dev
                0x20001f14       0x53 CMakeFiles/test.dir/home/kippur/pico/pico-sdk/lib/tinyusb/src/device/usbd.c.obj
 *fill*         0x20001f67        0x1 
 .bss._usbd_mutex
                0x20001f68        0x4 CMakeFiles/test.dir/home/kippur/pico/pico-sdk/lib/tinyusb/src/device/usbd.c.obj
 .bss._usbd_q   0x20001f6c        0x4 CMakeFiles/test.dir/home/kippur/pico/pico-sdk/lib/tinyusb/src/device/usbd.c.obj
 .bss._usbd_qdef_buf
                0x20001f70       0xc0 CMakeFiles/test.dir/home/kippur/pico/pico-sdk/lib/tinyusb/src/device/usbd.c.obj
                0x20001f70                _usbd_qdef_buf
 .bss.alarm_callbacks
                0x20002030       0x10 CMakeFiles/test.dir/home/kippur/pico/pico-sdk/src/rp2_common/hardware_timer/timer.c.obj
 .bss.boot2_copyout
                0x20002040      0x100 CMakeFiles/test.dir/home/kippur/pico/pico-sdk/src/rp2_common/hardware_flash/flash.c.obj
 .bss.chars_available_callback
                0x20002140        0x4 CMakeFiles/test.dir/home/kippur/pico/pico-sdk/src/rp2_common/pico_stdio_uart/stdio_uart.c.obj
 .bss.chars_available_callback
                0x20002144        0x4 CMakeFiles/test.dir/home/kippur/pico/pico-sdk/src/rp2_common/pico_stdio_usb/stdio_usb.c.obj
 .bss.chars_available_param
                0x20002148        0x4 CMakeFiles/test.dir/home/kippur/pico/pico-sdk/src/rp2_common/pico_stdio_uart/stdio_uart.c.obj
 .bss.chars_available_param
                0x2000214c        0x4 CMakeFiles/test.dir/home/kippur/pico/pico-sdk/src/rp2_common/pico_stdio_usb/stdio_usb.c.obj
 .bss.claimed   0x20002150        0x4 CMakeFiles/test.dir/home/kippur/pico/pico-sdk/src/rp2_common/hardware_sync/sync.c.obj
 .bss.default_alarm_pool_entry_ids_high
                0x20002154       0x10 CMakeFiles/test.dir/home/kippur/pico/pico-sdk/src/common/pico_time/time.c.obj
 .bss.default_alarm_pool_heap_nodes
                0x20002164       0x30 CMakeFiles/test.dir/home/kippur/pico/pico-sdk/src/common/pico_time/time.c.obj
 .bss.desc_str.0
                0x20002194       0x28 CMakeFiles/test.dir/home/kippur/pico/pico-sdk/src/rp2_common/pico_stdio_usb/stdio_usb_descriptors.c.obj
 .bss.drivers   0x200021bc        0x4 CMakeFiles/test.dir/home/kippur/pico/pico-sdk/src/rp2_common/pico_stdio/stdio.c.obj
 .bss.e15_last_sof
                0x200021c0        0x4 CMakeFiles/test.dir/home/kippur/pico/pico-sdk/lib/tinyusb/src/portable/raspberrypi/rp2040/rp2040_usb.c.obj
                0x200021c0                e15_last_sof
 .bss.filter    0x200021c4        0x4 CMakeFiles/test.dir/home/kippur/pico/pico-sdk/src/rp2_common/pico_stdio/stdio.c.obj
 .bss.heap_end.0
                0x200021c8        0x4 CMakeFiles/test.dir/home/kippur/pico/pico-sdk/src/rp2_common/pico_runtime/runtime.c.obj
 .bss.hw_endpoints
                0x200021cc      0x400 CMakeFiles/test.dir/home/kippur/pico/pico-sdk/lib/tinyusb/src/portable/raspberrypi/rp2040/dcd_rp2040.c.obj
 .bss.lazy_vsnprintf
                0x200025cc        0x4 CMakeFiles/test.dir/home/kippur/pico/pico-sdk/src/rp2_common/pico_printf/printf.c.obj
 .bss.load_value
                0x200025d0        0x4 CMakeFiles/test.dir/home/kippur/pico/pico-sdk/src/rp2_common/hardware_watchdog/watchdog.c.obj
 .bss.next_buffer_ptr
                0x200025d4        0x4 CMakeFiles/test.dir/home/kippur/pico/pico-sdk/lib/tinyusb/src/portable/raspberrypi/rp2040/dcd_rp2040.c.obj
 .bss.one_shot_timer_crit_sec
                0x200025d8        0x8 CMakeFiles/test.dir/home/kippur/pico/pico-sdk/src/rp2_common/pico_stdio_usb/stdio_usb.c.obj
 .bss.p         0x200025e0        0x4 CMakeFiles/test.dir/test.c.obj
                0x200025e0                p
 .bss.pools     0x200025e4       0x10 CMakeFiles/test.dir/home/kippur/pico/pico-sdk/src/common/pico_time/time.c.obj
 .bss.retrieved_id
                0x200025f4        0x8 CMakeFiles/test.dir/home/kippur/pico/pico-sdk/src/rp2_common/pico_unique_id/unique_id.c.obj
 .bss.sf_clz_func
                0x200025fc        0x4 CMakeFiles/test.dir/home/kippur/pico/pico-sdk/src/rp2_common/pico_double/double_init_rom.c.obj
                0x200025fc                sf_clz_func
 .bss.sf_table  0x20002600      0x100 CMakeFiles/test.dir/home/kippur/pico/pico-sdk/src/rp2_common/pico_float/float_init_rom.c.obj
                0x20002600                sf_table
 .bss.sleep_notifier
                0x20002700        0x4 CMakeFiles/test.dir/home/kippur/pico/pico-sdk/src/common/pico_time/time.c.obj
 .bss.stdio_usb_mutex
                0x20002704        0x8 CMakeFiles/test.dir/home/kippur/pico/pico-sdk/src/rp2_common/pico_stdio_usb/stdio_usb.c.obj
 .bss.str       0x2000270c       0x32 CMakeFiles/test.dir/test.c.obj
                0x2000270c                str